<html>
<body>
<pre>
<h1>µVision Build Log</h1>
<h2>Project:</h2>
E:\DST_Code\DST_SpaceCraft_Project\MAVLink_Code\MAVLink_Test _1.0\Project\MAVLink_STM32.uvproj
Project File Date:  02/21/2016

<h2>Output:</h2>
Build target 'MAVLink_STM32'
compiling stm32f10x_rcc.c...
linking...
Program Size: Code=14056 RO-data=896 RW-data=80 ZI-data=3216  
FromELF: creating hex file...
"..\Output\MAVLink_STM32.axf" - 0 Errors, 0 Warning(s).
Build target 'MAVLink_STM32'
compiling main.c...
linking...
..\Output\MAVLink_STM32.axf: Error: L6218E: Undefined symbol mavlink_get_channel_buffer (referred from main.o).
..\Output\MAVLink_STM32.axf: Error: L6218E: Undefined symbol mavlink_get_channel_status (referred from main.o).
"..\Output\MAVLink_STM32.axf" - 2 Errors, 0 Warning(s).
Target not created
Build target 'MAVLink_STM32'
compiling main.c...
linking...
Program Size: Code=14016 RO-data=896 RW-data=80 ZI-data=3216  
FromELF: creating hex file...
"..\Output\MAVLink_STM32.axf" - 0 Errors, 0 Warning(s).
Build target 'MAVLink_STM32'
compiling main.c...
linking...
Program Size: Code=14000 RO-data=896 RW-data=80 ZI-data=3216  
FromELF: creating hex file...
"..\Output\MAVLink_STM32.axf" - 0 Errors, 0 Warning(s).
Load "..\\Output\\MAVLink_STM32.axf" 
Set JLink Project File to "E:\DST_Code\DST_SpaceCraft_Project\MAVLink_Code\MAVLink_Test _1.0\Project\JLinkSettings.ini"
* JLink Info: Device "STM32F103ZE" selected (512 KB flash, 64 KB RAM).
 
JLink info:
------------
DLL: V4.80c, compiled Jan 21 2014 20:01:42
Firmware: J-Link ARM-OB STM32 compiled Aug 22 2012 19:52:04
Hardware: V7.00
S/N : 20090928 
Feature(s) : RDI,FlashDL,FlashBP,JFlash,GDBFull 
 
* JLink Info: Found SWD-DP with ID 0x1BA01477
* JLink Info: Found SWD-DP with ID 0x1BA01477
* JLink Info: Found Cortex-M3 r1p1, Little endian.
* JLink Info: FPUnit: 6 code (BP) slots and 2 literal slots
* JLink Info: TPIU fitted.
ROMTableAddr = 0xE00FF003
 
Target info:
------------
Device: STM32F103ZE
VTarget = 3.300V
State of Pins: 
TCK: 0, TDI: 0, TDO: 1, TMS: 0, TRES: 1, TRST: 1
Hardware-Breakpoints: 6
Software-Breakpoints: 8192
Watchpoints:          4
JTAG speed: 2000 kHz
 
Erase Done.
Programming Done.
Verify OK.
Application running ...
Build target 'MAVLink_STM32'
compiling main.c...
linking...
Program Size: Code=14000 RO-data=896 RW-data=80 ZI-data=3216  
FromELF: creating hex file...
"..\Output\MAVLink_STM32.axf" - 0 Errors, 0 Warning(s).
Build target 'MAVLink_STM32'
compiling main.c...
linking...
Program Size: Code=13900 RO-data=892 RW-data=68 ZI-data=3212  
FromELF: creating hex file...
"..\Output\MAVLink_STM32.axf" - 0 Errors, 0 Warning(s).
Build target 'MAVLink_STM32'
compiling main.c...
linking...
Program Size: Code=13900 RO-data=892 RW-data=68 ZI-data=3212  
FromELF: creating hex file...
"..\Output\MAVLink_STM32.axf" - 0 Errors, 0 Warning(s).
Build target 'MAVLink_STM32'
compiling main.c...
linking...
Program Size: Code=13900 RO-data=892 RW-data=68 ZI-data=3212  
FromELF: creating hex file...
"..\Output\MAVLink_STM32.axf" - 0 Errors, 0 Warning(s).
Load "..\\Output\\MAVLink_STM32.axf" 
Set JLink Project File to "E:\DST_Code\DST_SpaceCraft_Project\MAVLink_Code\MAVLink_Test _1.0\Project\JLinkSettings.ini"
* JLink Info: Device "STM32F103ZE" selected (512 KB flash, 64 KB RAM).
 
JLink info:
------------
DLL: V4.80c, compiled Jan 21 2014 20:01:42
Firmware: J-Link ARM-OB STM32 compiled Aug 22 2012 19:52:04
Hardware: V7.00
S/N : 20090928 
Feature(s) : RDI,FlashDL,FlashBP,JFlash,GDBFull 
 
* JLink Info: Found SWD-DP with ID 0x1BA01477
* JLink Info: Found SWD-DP with ID 0x1BA01477
* JLink Info: Found Cortex-M3 r1p1, Little endian.
* JLink Info: FPUnit: 6 code (BP) slots and 2 literal slots
* JLink Info: TPIU fitted.
ROMTableAddr = 0xE00FF003
 
Target info:
------------
Device: STM32F103ZE
VTarget = 3.300V
State of Pins: 
TCK: 0, TDI: 0, TDO: 1, TMS: 0, TRES: 1, TRST: 1
Hardware-Breakpoints: 6
Software-Breakpoints: 8192
Watchpoints:          4
JTAG speed: 2000 kHz
 
Erase Done.
Programming Done.
Verify OK.
Application running ...
