ARM Linker, 5.03 [Build 76] [MDK-ARM Professional]

==============================================================================

Section Cross References

    startup_stm32f10x_md.o(RESET) refers to startup_stm32f10x_md.o(STACK) for __initial_sp
    startup_stm32f10x_md.o(RESET) refers to startup_stm32f10x_md.o(.text) for Reset_Handler
    startup_stm32f10x_md.o(RESET) refers to main.o(.text) for SysTick_Handler
    startup_stm32f10x_md.o(RESET) refers to ano_drv_usart1.o(.text) for USART1_IRQHandler
    startup_stm32f10x_md.o(.text) refers to system_stm32f10x.o(.text) for SystemInit
    startup_stm32f10x_md.o(.text) refers to entry.o(.ARM.Collect$$$$00000000) for __main
    main.o(.text) refers to f2d.o(.text) for __aeabi_f2d
    main.o(.text) refers to dmul.o(.text) for __aeabi_dmul
    main.o(.text) refers to dadd.o(.text) for __aeabi_dadd
    main.o(.text) refers to d2f.o(.text) for __aeabi_d2f
    main.o(.text) refers to asin.o(i.asin) for asin
    main.o(.text) refers to fadd.o(.text) for __aeabi_frsub
    main.o(.text) refers to cfcmple.o(.text) for __aeabi_cfcmple
    main.o(.text) refers to atan2f.o(i.atan2f) for atan2f
    main.o(.text) refers to ddiv.o(.text) for __aeabi_ddiv
    main.o(.text) refers to cos.o(i.cos) for cos
    main.o(.text) refers to sin.o(i.sin) for sin
    main.o(.text) refers to sqrt.o(i.sqrt) for sqrt
    main.o(.text) refers to ano_drv_usart1.o(.text) for Usart1_Send_Buf
    main.o(.text) refers to memcpya.o(.text) for __aeabi_memcpy
    main.o(.text) refers to main.o(.bss) for m_mavlink_status
    main.o(.text) refers to main.o(.constdata) for mavlink_message_crcs
    main.o(.text) refers to stm32f10x_rcc.o(.text) for RCC_APB2PeriphClockCmd
    main.o(.text) refers to stm32f10x_gpio.o(.text) for GPIO_Init
    main.o(.text) refers to misc.o(.text) for NVIC_PriorityGroupConfig
    main.o(.text) refers to main.o(.data) for cnt_1000ms
    main.o(.text) refers to system_stm32f10x.o(.data) for SystemCoreClock
    ano_drv_usart1.o(.text) refers to stm32f10x_rcc.o(.text) for RCC_APB2PeriphClockCmd
    ano_drv_usart1.o(.text) refers to misc.o(.text) for NVIC_Init
    ano_drv_usart1.o(.text) refers to stm32f10x_gpio.o(.text) for GPIO_Init
    ano_drv_usart1.o(.text) refers to stm32f10x_usart.o(.text) for USART_Init
    ano_drv_usart1.o(.text) refers to ano_drv_usart1.o(.data) for TxCounter
    ano_drv_usart1.o(.text) refers to ano_drv_usart1.o(.bss) for TxBuffer
    stm32f10x_adc.o(.text) refers to stm32f10x_rcc.o(.text) for RCC_APB2PeriphResetCmd
    stm32f10x_bkp.o(.text) refers to stm32f10x_rcc.o(.text) for RCC_BackupResetCmd
    stm32f10x_can.o(.text) refers to stm32f10x_rcc.o(.text) for RCC_APB1PeriphResetCmd
    stm32f10x_cec.o(.text) refers to stm32f10x_rcc.o(.text) for RCC_APB1PeriphResetCmd
    stm32f10x_dac.o(.text) refers to stm32f10x_rcc.o(.text) for RCC_APB1PeriphResetCmd
    stm32f10x_gpio.o(.text) refers to stm32f10x_rcc.o(.text) for RCC_APB2PeriphResetCmd
    stm32f10x_i2c.o(.text) refers to stm32f10x_rcc.o(.text) for RCC_APB1PeriphResetCmd
    stm32f10x_pwr.o(.text) refers to stm32f10x_rcc.o(.text) for RCC_APB1PeriphResetCmd
    stm32f10x_rcc.o(.text) refers to stm32f10x_rcc.o(.data) for APBAHBPrescTable
    stm32f10x_spi.o(.text) refers to stm32f10x_rcc.o(.text) for RCC_APB2PeriphResetCmd
    stm32f10x_tim.o(.text) refers to stm32f10x_rcc.o(.text) for RCC_APB2PeriphResetCmd
    stm32f10x_usart.o(.text) refers to stm32f10x_rcc.o(.text) for RCC_APB2PeriphResetCmd
    stm32f10x_wwdg.o(.text) refers to stm32f10x_rcc.o(.text) for RCC_APB1PeriphResetCmd
    system_stm32f10x.o(.text) refers to system_stm32f10x.o(.data) for SystemCoreClock
    asin.o(i.__softfp_asin) refers (Special) to iusefp.o(.text) for __I$use$fp
    asin.o(i.__softfp_asin) refers to asin.o(i.asin) for asin
    asin.o(i.asin) refers (Special) to iusefp.o(.text) for __I$use$fp
    asin.o(i.asin) refers to dscalb.o(.text) for __ARM_scalbn
    asin.o(i.asin) refers to dmul.o(.text) for __aeabi_dmul
    asin.o(i.asin) refers to dadd.o(.text) for __aeabi_dadd
    asin.o(i.asin) refers to errno.o(i.__set_errno) for __set_errno
    asin.o(i.asin) refers to ddiv.o(.text) for __aeabi_ddiv
    asin.o(i.asin) refers to fpclassify.o(i.__ARM_fpclassify) for __ARM_fpclassify
    asin.o(i.asin) refers to dunder.o(i.__mathlib_dbl_underflow) for __mathlib_dbl_underflow
    asin.o(i.asin) refers to poly.o(i.__kernel_poly) for __kernel_poly
    asin.o(i.asin) refers to sqrt.o(i.sqrt) for sqrt
    asin.o(i.asin) refers to asin.o(.constdata) for .constdata
    asin.o(.constdata) refers (Special) to iusefp.o(.text) for __I$use$fp
    asin_x.o(i.____softfp_asin$lsc) refers (Special) to iusefp.o(.text) for __I$use$fp
    asin_x.o(i.____softfp_asin$lsc) refers to asin_x.o(i.__asin$lsc) for __asin$lsc
    asin_x.o(i.__asin$lsc) refers (Special) to iusefp.o(.text) for __I$use$fp
    asin_x.o(i.__asin$lsc) refers to dscalb.o(.text) for __ARM_scalbn
    asin_x.o(i.__asin$lsc) refers to dmul.o(.text) for __aeabi_dmul
    asin_x.o(i.__asin$lsc) refers to dadd.o(.text) for __aeabi_dadd
    asin_x.o(i.__asin$lsc) refers to errno.o(i.__set_errno) for __set_errno
    asin_x.o(i.__asin$lsc) refers to poly.o(i.__kernel_poly) for __kernel_poly
    asin_x.o(i.__asin$lsc) refers to ddiv.o(.text) for __aeabi_ddiv
    asin_x.o(i.__asin$lsc) refers to sqrt.o(i.sqrt) for sqrt
    asin_x.o(i.__asin$lsc) refers to asin_x.o(.constdata) for .constdata
    asin_x.o(.constdata) refers (Special) to iusefp.o(.text) for __I$use$fp
    atan2f.o(i.__softfp_atan2f) refers (Special) to iusefp.o(.text) for __I$use$fp
    atan2f.o(i.__softfp_atan2f) refers to atan2f.o(i.atan2f) for atan2f
    atan2f.o(i.atan2f) refers (Special) to iusefp.o(.text) for __I$use$fp
    atan2f.o(i.atan2f) refers to fadd.o(.text) for __aeabi_fadd
    atan2f.o(i.atan2f) refers to fmul.o(.text) for __aeabi_fmul
    atan2f.o(i.atan2f) refers to fdiv.o(.text) for __aeabi_fdiv
    atan2f.o(i.atan2f) refers to fpclassifyf.o(i.__ARM_fpclassifyf) for __ARM_fpclassifyf
    atan2f.o(i.atan2f) refers to funder.o(i.__mathlib_flt_underflow) for __mathlib_flt_underflow
    atan2f_x.o(i.____softfp_atan2f$lsc) refers (Special) to iusefp.o(.text) for __I$use$fp
    atan2f_x.o(i.____softfp_atan2f$lsc) refers to atan2f_x.o(i.__atan2f$lsc) for __atan2f$lsc
    atan2f_x.o(i.__atan2f$lsc) refers (Special) to iusefp.o(.text) for __I$use$fp
    atan2f_x.o(i.__atan2f$lsc) refers to fadd.o(.text) for __aeabi_fadd
    atan2f_x.o(i.__atan2f$lsc) refers to errno.o(i.__set_errno) for __set_errno
    atan2f_x.o(i.__atan2f$lsc) refers to fmul.o(.text) for __aeabi_fmul
    atan2f_x.o(i.__atan2f$lsc) refers to fdiv.o(.text) for __aeabi_fdiv
    cos.o(i.__softfp_cos) refers (Special) to iusefp.o(.text) for __I$use$fp
    cos.o(i.__softfp_cos) refers to cos.o(i.cos) for cos
    cos.o(i.cos) refers (Special) to iusefp.o(.text) for __I$use$fp
    cos.o(i.cos) refers to errno.o(i.__set_errno) for __set_errno
    cos.o(i.cos) refers to ddiv.o(.text) for __aeabi_ddiv
    cos.o(i.cos) refers to dscalb.o(.text) for __ARM_scalbn
    cos.o(i.cos) refers to rred.o(i.__ieee754_rem_pio2) for __ieee754_rem_pio2
    cos.o(i.cos) refers to sin_i.o(i.__kernel_sin) for __kernel_sin
    cos.o(i.cos) refers to cos_i.o(i.__kernel_cos) for __kernel_cos
    cos_x.o(i.____softfp_cos$lsc) refers (Special) to iusefp.o(.text) for __I$use$fp
    cos_x.o(i.____softfp_cos$lsc) refers to cos_x.o(i.__cos$lsc) for __cos$lsc
    cos_x.o(i.__cos$lsc) refers (Special) to iusefp.o(.text) for __I$use$fp
    cos_x.o(i.__cos$lsc) refers to errno.o(i.__set_errno) for __set_errno
    cos_x.o(i.__cos$lsc) refers to dscalb.o(.text) for __ARM_scalbn
    cos_x.o(i.__cos$lsc) refers to rred.o(i.__ieee754_rem_pio2) for __ieee754_rem_pio2
    cos_x.o(i.__cos$lsc) refers to sin_i.o(i.__kernel_sin) for __kernel_sin
    cos_x.o(i.__cos$lsc) refers to cos_i.o(i.__kernel_cos) for __kernel_cos
    sin.o(i.__softfp_sin) refers (Special) to iusefp.o(.text) for __I$use$fp
    sin.o(i.__softfp_sin) refers to sin.o(i.sin) for sin
    sin.o(i.sin) refers (Special) to iusefp.o(.text) for __I$use$fp
    sin.o(i.sin) refers to errno.o(i.__set_errno) for __set_errno
    sin.o(i.sin) refers to ddiv.o(.text) for __aeabi_ddiv
    sin.o(i.sin) refers to dscalb.o(.text) for __ARM_scalbn
    sin.o(i.sin) refers to rred.o(i.__ieee754_rem_pio2) for __ieee754_rem_pio2
    sin.o(i.sin) refers to cos_i.o(i.__kernel_cos) for __kernel_cos
    sin.o(i.sin) refers to sin_i.o(i.__kernel_sin) for __kernel_sin
    sin_x.o(i.____softfp_sin$lsc) refers (Special) to iusefp.o(.text) for __I$use$fp
    sin_x.o(i.____softfp_sin$lsc) refers to sin_x.o(i.__sin$lsc) for __sin$lsc
    sin_x.o(i.__sin$lsc) refers (Special) to iusefp.o(.text) for __I$use$fp
    sin_x.o(i.__sin$lsc) refers to errno.o(i.__set_errno) for __set_errno
    sin_x.o(i.__sin$lsc) refers to dscalb.o(.text) for __ARM_scalbn
    sin_x.o(i.__sin$lsc) refers to rred.o(i.__ieee754_rem_pio2) for __ieee754_rem_pio2
    sin_x.o(i.__sin$lsc) refers to cos_i.o(i.__kernel_cos) for __kernel_cos
    sin_x.o(i.__sin$lsc) refers to sin_i.o(i.__kernel_sin) for __kernel_sin
    sqrt.o(i.__softfp_sqrt) refers (Special) to iusefp.o(.text) for __I$use$fp
    sqrt.o(i.__softfp_sqrt) refers to dsqrt.o(.text) for _dsqrt
    sqrt.o(i.__softfp_sqrt) refers to errno.o(i.__set_errno) for __set_errno
    sqrt.o(i.sqrt) refers (Special) to iusefp.o(.text) for __I$use$fp
    sqrt.o(i.sqrt) refers to dsqrt.o(.text) for _dsqrt
    sqrt.o(i.sqrt) refers to errno.o(i.__set_errno) for __set_errno
    sqrt_x.o(i.____softfp_sqrt$lsc) refers (Special) to iusefp.o(.text) for __I$use$fp
    sqrt_x.o(i.____softfp_sqrt$lsc) refers to cdcmple.o(.text) for __aeabi_cdcmple
    sqrt_x.o(i.____softfp_sqrt$lsc) refers to errno.o(i.__set_errno) for __set_errno
    sqrt_x.o(i.____softfp_sqrt$lsc) refers to dsqrt.o(.text) for _dsqrt
    sqrt_x.o(i.__sqrt$lsc) refers (Special) to iusefp.o(.text) for __I$use$fp
    sqrt_x.o(i.__sqrt$lsc) refers to cdcmple.o(.text) for __aeabi_cdcmple
    sqrt_x.o(i.__sqrt$lsc) refers to errno.o(i.__set_errno) for __set_errno
    sqrt_x.o(i.__sqrt$lsc) refers to dsqrt.o(.text) for _dsqrt
    entry.o(.ARM.Collect$$$$00000000) refers (Special) to entry10a.o(.ARM.Collect$$$$0000000D) for __rt_final_cpp
    entry.o(.ARM.Collect$$$$00000000) refers (Special) to entry11a.o(.ARM.Collect$$$$0000000F) for __rt_final_exit
    entry.o(.ARM.Collect$$$$00000000) refers (Special) to entry7b.o(.ARM.Collect$$$$00000008) for _main_clock
    entry.o(.ARM.Collect$$$$00000000) refers (Special) to entry8b.o(.ARM.Collect$$$$0000000A) for _main_cpp_init
    entry.o(.ARM.Collect$$$$00000000) refers (Special) to entry9a.o(.ARM.Collect$$$$0000000B) for _main_init
    entry.o(.ARM.Collect$$$$00000000) refers (Special) to entry5.o(.ARM.Collect$$$$00000004) for _main_scatterload
    entry.o(.ARM.Collect$$$$00000000) refers (Special) to entry2.o(.ARM.Collect$$$$00000001) for _main_stk
    fadd.o(.text) refers (Special) to iusefp.o(.text) for __I$use$fp
    fadd.o(.text) refers to fepilogue.o(.text) for _float_epilogue
    dadd.o(.text) refers (Special) to iusefp.o(.text) for __I$use$fp
    dadd.o(.text) refers to llshl.o(.text) for __aeabi_llsl
    dadd.o(.text) refers to llsshr.o(.text) for __aeabi_lasr
    dadd.o(.text) refers to depilogue.o(.text) for _double_epilogue
    dmul.o(.text) refers (Special) to iusefp.o(.text) for __I$use$fp
    dmul.o(.text) refers to depilogue.o(.text) for _double_epilogue
    ddiv.o(.text) refers (Special) to iusefp.o(.text) for __I$use$fp
    ddiv.o(.text) refers to depilogue.o(.text) for _double_round
    f2d.o(.text) refers (Special) to iusefp.o(.text) for __I$use$fp
    d2f.o(.text) refers (Special) to iusefp.o(.text) for __I$use$fp
    d2f.o(.text) refers to fepilogue.o(.text) for _float_round
    cfcmple.o(.text) refers (Special) to iusefp.o(.text) for __I$use$fp
    cos_i.o(i.__kernel_cos) refers (Special) to iusefp.o(.text) for __I$use$fp
    cos_i.o(i.__kernel_cos) refers to dfixi.o(.text) for __aeabi_d2iz
    cos_i.o(i.__kernel_cos) refers to dmul.o(.text) for __aeabi_dmul
    cos_i.o(i.__kernel_cos) refers to poly.o(i.__kernel_poly) for __kernel_poly
    cos_i.o(i.__kernel_cos) refers to dadd.o(.text) for __aeabi_dsub
    cos_i.o(i.__kernel_cos) refers to dscalb.o(.text) for __ARM_scalbn
    cos_i.o(i.__kernel_cos) refers to cos_i.o(.constdata) for .constdata
    cos_i.o(.constdata) refers (Special) to iusefp.o(.text) for __I$use$fp
    dunder.o(i.__mathlib_dbl_underflow) refers to dscalb.o(.text) for __ARM_scalbn
    fpclassify.o(i.__ARM_fpclassify) refers (Special) to iusefp.o(.text) for __I$use$fp
    fpclassifyf.o(i.__ARM_fpclassifyf) refers (Special) to iusefp.o(.text) for __I$use$fp
    funder.o(i.__mathlib_flt_underflow) refers to fscalb.o(.text) for __ARM_scalbnf
    poly.o(i.__kernel_poly) refers (Special) to iusefp.o(.text) for __I$use$fp
    poly.o(i.__kernel_poly) refers to dmul.o(.text) for __aeabi_dmul
    poly.o(i.__kernel_poly) refers to dadd.o(.text) for __aeabi_dadd
    rred.o(i.__ieee754_rem_pio2) refers (Special) to iusefp.o(.text) for __I$use$fp
    rred.o(i.__ieee754_rem_pio2) refers to dadd.o(.text) for __aeabi_dsub
    rred.o(i.__ieee754_rem_pio2) refers to dmul.o(.text) for __aeabi_dmul
    rred.o(i.__ieee754_rem_pio2) refers to dfixi.o(.text) for __aeabi_d2iz
    rred.o(i.__ieee754_rem_pio2) refers to dflti.o(.text) for __aeabi_i2d
    rred.o(i.__ieee754_rem_pio2) refers to dfltui.o(.text) for __aeabi_ui2d
    rred.o(i.__ieee754_rem_pio2) refers to dscalb.o(.text) for __ARM_scalbn
    rred.o(i.__ieee754_rem_pio2) refers to rred.o(.constdata) for .constdata
    rred.o(i.__use_accurate_range_reduction) refers (Special) to iusefp.o(.text) for __I$use$fp
    rred.o(.constdata) refers (Special) to iusefp.o(.text) for __I$use$fp
    sin_i.o(i.__kernel_sin) refers (Special) to iusefp.o(.text) for __I$use$fp
    sin_i.o(i.__kernel_sin) refers to fpclassify.o(i.__ARM_fpclassify) for __ARM_fpclassify
    sin_i.o(i.__kernel_sin) refers to dunder.o(i.__mathlib_dbl_underflow) for __mathlib_dbl_underflow
    sin_i.o(i.__kernel_sin) refers to dmul.o(.text) for __aeabi_dmul
    sin_i.o(i.__kernel_sin) refers to poly.o(i.__kernel_poly) for __kernel_poly
    sin_i.o(i.__kernel_sin) refers to dscalb.o(.text) for __ARM_scalbn
    sin_i.o(i.__kernel_sin) refers to dadd.o(.text) for __aeabi_dsub
    sin_i.o(i.__kernel_sin) refers to sin_i.o(.constdata) for .constdata
    sin_i.o(.constdata) refers (Special) to iusefp.o(.text) for __I$use$fp
    sin_i_x.o(i.____kernel_sin$lsc) refers (Special) to iusefp.o(.text) for __I$use$fp
    sin_i_x.o(i.____kernel_sin$lsc) refers to dmul.o(.text) for __aeabi_dmul
    sin_i_x.o(i.____kernel_sin$lsc) refers to poly.o(i.__kernel_poly) for __kernel_poly
    sin_i_x.o(i.____kernel_sin$lsc) refers to dscalb.o(.text) for __ARM_scalbn
    sin_i_x.o(i.____kernel_sin$lsc) refers to dadd.o(.text) for __aeabi_dsub
    sin_i_x.o(i.____kernel_sin$lsc) refers to sin_i_x.o(.constdata) for .constdata
    sin_i_x.o(.constdata) refers (Special) to iusefp.o(.text) for __I$use$fp
    entry2.o(.ARM.Collect$$$$00000001) refers to entry2.o(.ARM.Collect$$$$00002712) for __lit__00000000
    entry2.o(.ARM.Collect$$$$00002712) refers to startup_stm32f10x_md.o(STACK) for __initial_sp
    entry2.o(__vectab_stack_and_reset_area) refers to startup_stm32f10x_md.o(STACK) for __initial_sp
    entry2.o(__vectab_stack_and_reset_area) refers to entry.o(.ARM.Collect$$$$00000000) for __main
    entry5.o(.ARM.Collect$$$$00000004) refers to init.o(.text) for __scatterload
    entry9a.o(.ARM.Collect$$$$0000000B) refers to main.o(.text) for main
    entry9b.o(.ARM.Collect$$$$0000000C) refers to main.o(.text) for main
    errno.o(i.__aeabi_errno_addr) refers to errno.o(.data) for .data
    errno.o(i.__read_errno) refers to errno.o(.data) for .data
    errno.o(i.__set_errno) refers to errno.o(.data) for .data
    fdiv.o(.text) refers to fepilogue.o(.text) for _float_round
    depilogue.o(.text) refers to llshl.o(.text) for __aeabi_llsl
    depilogue.o(.text) refers to llushr.o(.text) for __aeabi_llsr
    dsqrt.o(.text) refers to llushr.o(.text) for __aeabi_llsr
    dsqrt.o(.text) refers to depilogue.o(.text) for _double_round
    init.o(.text) refers to entry5.o(.ARM.Collect$$$$00000004) for __main_after_scatterload
    dflti.o(.text) refers to depilogue.o(.text) for _double_epilogue
    dfltui.o(.text) refers to depilogue.o(.text) for _double_epilogue
    dfixi.o(.text) refers to llushr.o(.text) for __aeabi_llsr


==============================================================================

Removing Unused input sections from the image.

    Removing startup_stm32f10x_md.o(HEAP), (512 bytes).
    Removing main.o(.rev16_text), (4 bytes).
    Removing main.o(.revsh_text), (4 bytes).
    Removing ano_drv_usart1.o(.rev16_text), (4 bytes).
    Removing ano_drv_usart1.o(.revsh_text), (4 bytes).
    Removing misc.o(.rev16_text), (4 bytes).
    Removing misc.o(.revsh_text), (4 bytes).
    Removing stm32f10x_adc.o(.rev16_text), (4 bytes).
    Removing stm32f10x_adc.o(.revsh_text), (4 bytes).
    Removing stm32f10x_adc.o(.text), (1102 bytes).
    Removing stm32f10x_bkp.o(.rev16_text), (4 bytes).
    Removing stm32f10x_bkp.o(.revsh_text), (4 bytes).
    Removing stm32f10x_bkp.o(.text), (196 bytes).
    Removing stm32f10x_can.o(.rev16_text), (4 bytes).
    Removing stm32f10x_can.o(.revsh_text), (4 bytes).
    Removing stm32f10x_can.o(.text), (2540 bytes).
    Removing stm32f10x_cec.o(.rev16_text), (4 bytes).
    Removing stm32f10x_cec.o(.revsh_text), (4 bytes).
    Removing stm32f10x_cec.o(.text), (288 bytes).
    Removing stm32f10x_crc.o(.rev16_text), (4 bytes).
    Removing stm32f10x_crc.o(.revsh_text), (4 bytes).
    Removing stm32f10x_crc.o(.text), (72 bytes).
    Removing stm32f10x_dac.o(.rev16_text), (4 bytes).
    Removing stm32f10x_dac.o(.revsh_text), (4 bytes).
    Removing stm32f10x_dac.o(.text), (396 bytes).
    Removing stm32f10x_dbgmcu.o(.rev16_text), (4 bytes).
    Removing stm32f10x_dbgmcu.o(.revsh_text), (4 bytes).
    Removing stm32f10x_dbgmcu.o(.text), (48 bytes).
    Removing stm32f10x_dma.o(.rev16_text), (4 bytes).
    Removing stm32f10x_dma.o(.revsh_text), (4 bytes).
    Removing stm32f10x_dma.o(.text), (592 bytes).
    Removing stm32f10x_exti.o(.rev16_text), (4 bytes).
    Removing stm32f10x_exti.o(.revsh_text), (4 bytes).
    Removing stm32f10x_exti.o(.text), (284 bytes).
    Removing stm32f10x_flash.o(.rev16_text), (4 bytes).
    Removing stm32f10x_flash.o(.revsh_text), (4 bytes).
    Removing stm32f10x_flash.o(.text), (1468 bytes).
    Removing stm32f10x_fsmc.o(.rev16_text), (4 bytes).
    Removing stm32f10x_fsmc.o(.revsh_text), (4 bytes).
    Removing stm32f10x_fsmc.o(.text), (1560 bytes).
    Removing stm32f10x_gpio.o(.rev16_text), (4 bytes).
    Removing stm32f10x_gpio.o(.revsh_text), (4 bytes).
    Removing stm32f10x_i2c.o(.rev16_text), (4 bytes).
    Removing stm32f10x_i2c.o(.revsh_text), (4 bytes).
    Removing stm32f10x_i2c.o(.text), (1028 bytes).
    Removing stm32f10x_iwdg.o(.rev16_text), (4 bytes).
    Removing stm32f10x_iwdg.o(.revsh_text), (4 bytes).
    Removing stm32f10x_iwdg.o(.text), (64 bytes).
    Removing stm32f10x_pwr.o(.rev16_text), (4 bytes).
    Removing stm32f10x_pwr.o(.revsh_text), (4 bytes).
    Removing stm32f10x_pwr.o(.text), (204 bytes).
    Removing stm32f10x_rcc.o(.rev16_text), (4 bytes).
    Removing stm32f10x_rcc.o(.revsh_text), (4 bytes).
    Removing stm32f10x_rtc.o(.rev16_text), (4 bytes).
    Removing stm32f10x_rtc.o(.revsh_text), (4 bytes).
    Removing stm32f10x_rtc.o(.text), (324 bytes).
    Removing stm32f10x_sdio.o(.rev16_text), (4 bytes).
    Removing stm32f10x_sdio.o(.revsh_text), (4 bytes).
    Removing stm32f10x_sdio.o(.text), (472 bytes).
    Removing stm32f10x_spi.o(.rev16_text), (4 bytes).
    Removing stm32f10x_spi.o(.revsh_text), (4 bytes).
    Removing stm32f10x_spi.o(.text), (780 bytes).
    Removing stm32f10x_tim.o(.rev16_text), (4 bytes).
    Removing stm32f10x_tim.o(.revsh_text), (4 bytes).
    Removing stm32f10x_tim.o(.text), (3610 bytes).
    Removing stm32f10x_usart.o(.rev16_text), (4 bytes).
    Removing stm32f10x_usart.o(.revsh_text), (4 bytes).
    Removing stm32f10x_wwdg.o(.rev16_text), (4 bytes).
    Removing stm32f10x_wwdg.o(.revsh_text), (4 bytes).
    Removing stm32f10x_wwdg.o(.text), (136 bytes).
    Removing core_cm3.o(.emb_text), (32 bytes).
    Removing cdcmple.o(.text), (40 bytes).

72 unused section(s) (total 15948 bytes) removed from the image.

==============================================================================

Image Symbol Table

    Local Symbols

    Symbol Name                              Value     Ov Type        Size  Object(Section)

    ../clib/microlib/errno.c                 0x00000000   Number         0  errno.o ABSOLUTE
    ../clib/microlib/init/entry.s            0x00000000   Number         0  entry10a.o ABSOLUTE
    ../clib/microlib/init/entry.s            0x00000000   Number         0  entry.o ABSOLUTE
    ../clib/microlib/init/entry.s            0x00000000   Number         0  entry5.o ABSOLUTE
    ../clib/microlib/init/entry.s            0x00000000   Number         0  entry9b.o ABSOLUTE
    ../clib/microlib/init/entry.s            0x00000000   Number         0  entry9a.o ABSOLUTE
    ../clib/microlib/init/entry.s            0x00000000   Number         0  entry2.o ABSOLUTE
    ../clib/microlib/init/entry.s            0x00000000   Number         0  entry8b.o ABSOLUTE
    ../clib/microlib/init/entry.s            0x00000000   Number         0  entry8a.o ABSOLUTE
    ../clib/microlib/init/entry.s            0x00000000   Number         0  entry7b.o ABSOLUTE
    ../clib/microlib/init/entry.s            0x00000000   Number         0  entry7a.o ABSOLUTE
    ../clib/microlib/init/entry.s            0x00000000   Number         0  entry11b.o ABSOLUTE
    ../clib/microlib/init/entry.s            0x00000000   Number         0  entry11a.o ABSOLUTE
    ../clib/microlib/init/entry.s            0x00000000   Number         0  entry10b.o ABSOLUTE
    ../clib/microlib/longlong.c              0x00000000   Number         0  llushr.o ABSOLUTE
    ../clib/microlib/longlong.c              0x00000000   Number         0  llsshr.o ABSOLUTE
    ../clib/microlib/longlong.c              0x00000000   Number         0  llshl.o ABSOLUTE
    ../clib/microlib/string/memcpy.c         0x00000000   Number         0  memcpya.o ABSOLUTE
    ../clib/microlib/string/memcpy.c         0x00000000   Number         0  memcpyb.o ABSOLUTE
    ../clib/microlib/stubs.s                 0x00000000   Number         0  iusefp.o ABSOLUTE
    ../fplib/microlib/d2f.c                  0x00000000   Number         0  d2f.o ABSOLUTE
    ../fplib/microlib/f2d.c                  0x00000000   Number         0  f2d.o ABSOLUTE
    ../fplib/microlib/fpadd.c                0x00000000   Number         0  fadd.o ABSOLUTE
    ../fplib/microlib/fpadd.c                0x00000000   Number         0  dadd.o ABSOLUTE
    ../fplib/microlib/fpdiv.c                0x00000000   Number         0  fdiv.o ABSOLUTE
    ../fplib/microlib/fpdiv.c                0x00000000   Number         0  ddiv.o ABSOLUTE
    ../fplib/microlib/fpepilogue.c           0x00000000   Number         0  fepilogue.o ABSOLUTE
    ../fplib/microlib/fpepilogue.c           0x00000000   Number         0  depilogue.o ABSOLUTE
    ../fplib/microlib/fpfix.c                0x00000000   Number         0  dfixi.o ABSOLUTE
    ../fplib/microlib/fpflt.c                0x00000000   Number         0  dfltui.o ABSOLUTE
    ../fplib/microlib/fpflt.c                0x00000000   Number         0  dflti.o ABSOLUTE
    ../fplib/microlib/fpmul.c                0x00000000   Number         0  dmul.o ABSOLUTE
    ../fplib/microlib/fpmul.c                0x00000000   Number         0  fmul.o ABSOLUTE
    ../fplib/microlib/fpscalb.c              0x00000000   Number         0  fscalb.o ABSOLUTE
    ../fplib/microlib/fpscalb.c              0x00000000   Number         0  dscalb.o ABSOLUTE
    ../fplib/microlib/fpsqrt.c               0x00000000   Number         0  dsqrt.o ABSOLUTE
    ../mathlib/asin.c                        0x00000000   Number         0  asin.o ABSOLUTE
    ../mathlib/asin.c                        0x00000000   Number         0  asin_x.o ABSOLUTE
    ../mathlib/atan2f.c                      0x00000000   Number         0  atan2f.o ABSOLUTE
    ../mathlib/atan2f.c                      0x00000000   Number         0  atan2f_x.o ABSOLUTE
    ../mathlib/cos.c                         0x00000000   Number         0  cos.o ABSOLUTE
    ../mathlib/cos.c                         0x00000000   Number         0  cos_x.o ABSOLUTE
    ../mathlib/cos_i.c                       0x00000000   Number         0  cos_i.o ABSOLUTE
    ../mathlib/dunder.c                      0x00000000   Number         0  dunder.o ABSOLUTE
    ../mathlib/fpclassify.c                  0x00000000   Number         0  fpclassify.o ABSOLUTE
    ../mathlib/fpclassifyf.c                 0x00000000   Number         0  fpclassifyf.o ABSOLUTE
    ../mathlib/funder.c                      0x00000000   Number         0  funder.o ABSOLUTE
    ../mathlib/poly.c                        0x00000000   Number         0  poly.o ABSOLUTE
    ../mathlib/rred.c                        0x00000000   Number         0  rred.o ABSOLUTE
    ../mathlib/sin.c                         0x00000000   Number         0  sin_x.o ABSOLUTE
    ../mathlib/sin.c                         0x00000000   Number         0  sin.o ABSOLUTE
    ../mathlib/sin_i.c                       0x00000000   Number         0  sin_i_x.o ABSOLUTE
    ../mathlib/sin_i.c                       0x00000000   Number         0  sin_i.o ABSOLUTE
    ../mathlib/sqrt.c                        0x00000000   Number         0  sqrt.o ABSOLUTE
    ../mathlib/sqrt.c                        0x00000000   Number         0  sqrt_x.o ABSOLUTE
    ..\Codes\CMSIS\core_cm3.c                0x00000000   Number         0  core_cm3.o ABSOLUTE
    ..\Codes\CMSIS\startup\startup_stm32f10x_md.s 0x00000000   Number         0  startup_stm32f10x_md.o ABSOLUTE
    ..\Codes\CMSIS\system_stm32f10x.c        0x00000000   Number         0  system_stm32f10x.o ABSOLUTE
    ..\Codes\Driver\ANO_Drv_Usart1.c         0x00000000   Number         0  ano_drv_usart1.o ABSOLUTE
    ..\Codes\FWlib\src\misc.c                0x00000000   Number         0  misc.o ABSOLUTE
    ..\Codes\FWlib\src\stm32f10x_adc.c       0x00000000   Number         0  stm32f10x_adc.o ABSOLUTE
    ..\Codes\FWlib\src\stm32f10x_bkp.c       0x00000000   Number         0  stm32f10x_bkp.o ABSOLUTE
    ..\Codes\FWlib\src\stm32f10x_can.c       0x00000000   Number         0  stm32f10x_can.o ABSOLUTE
    ..\Codes\FWlib\src\stm32f10x_cec.c       0x00000000   Number         0  stm32f10x_cec.o ABSOLUTE
    ..\Codes\FWlib\src\stm32f10x_crc.c       0x00000000   Number         0  stm32f10x_crc.o ABSOLUTE
    ..\Codes\FWlib\src\stm32f10x_dac.c       0x00000000   Number         0  stm32f10x_dac.o ABSOLUTE
    ..\Codes\FWlib\src\stm32f10x_dbgmcu.c    0x00000000   Number         0  stm32f10x_dbgmcu.o ABSOLUTE
    ..\Codes\FWlib\src\stm32f10x_dma.c       0x00000000   Number         0  stm32f10x_dma.o ABSOLUTE
    ..\Codes\FWlib\src\stm32f10x_exti.c      0x00000000   Number         0  stm32f10x_exti.o ABSOLUTE
    ..\Codes\FWlib\src\stm32f10x_flash.c     0x00000000   Number         0  stm32f10x_flash.o ABSOLUTE
    ..\Codes\FWlib\src\stm32f10x_fsmc.c      0x00000000   Number         0  stm32f10x_fsmc.o ABSOLUTE
    ..\Codes\FWlib\src\stm32f10x_gpio.c      0x00000000   Number         0  stm32f10x_gpio.o ABSOLUTE
    ..\Codes\FWlib\src\stm32f10x_i2c.c       0x00000000   Number         0  stm32f10x_i2c.o ABSOLUTE
    ..\Codes\FWlib\src\stm32f10x_iwdg.c      0x00000000   Number         0  stm32f10x_iwdg.o ABSOLUTE
    ..\Codes\FWlib\src\stm32f10x_pwr.c       0x00000000   Number         0  stm32f10x_pwr.o ABSOLUTE
    ..\Codes\FWlib\src\stm32f10x_rcc.c       0x00000000   Number         0  stm32f10x_rcc.o ABSOLUTE
    ..\Codes\FWlib\src\stm32f10x_rtc.c       0x00000000   Number         0  stm32f10x_rtc.o ABSOLUTE
    ..\Codes\FWlib\src\stm32f10x_sdio.c      0x00000000   Number         0  stm32f10x_sdio.o ABSOLUTE
    ..\Codes\FWlib\src\stm32f10x_spi.c       0x00000000   Number         0  stm32f10x_spi.o ABSOLUTE
    ..\Codes\FWlib\src\stm32f10x_tim.c       0x00000000   Number         0  stm32f10x_tim.o ABSOLUTE
    ..\Codes\FWlib\src\stm32f10x_usart.c     0x00000000   Number         0  stm32f10x_usart.o ABSOLUTE
    ..\Codes\FWlib\src\stm32f10x_wwdg.c      0x00000000   Number         0  stm32f10x_wwdg.o ABSOLUTE
    ..\Codes\User\main.c                     0x00000000   Number         0  main.o ABSOLUTE
    ..\\Codes\\CMSIS\\core_cm3.c             0x00000000   Number         0  core_cm3.o ABSOLUTE
    ..\\Codes\\Driver\\ANO_Drv_Usart1.c      0x00000000   Number         0  ano_drv_usart1.o ABSOLUTE
    ..\\Codes\\FWlib\\src\\misc.c            0x00000000   Number         0  misc.o ABSOLUTE
    ..\\Codes\\FWlib\\src\\stm32f10x_adc.c   0x00000000   Number         0  stm32f10x_adc.o ABSOLUTE
    ..\\Codes\\FWlib\\src\\stm32f10x_bkp.c   0x00000000   Number         0  stm32f10x_bkp.o ABSOLUTE
    ..\\Codes\\FWlib\\src\\stm32f10x_can.c   0x00000000   Number         0  stm32f10x_can.o ABSOLUTE
    ..\\Codes\\FWlib\\src\\stm32f10x_cec.c   0x00000000   Number         0  stm32f10x_cec.o ABSOLUTE
    ..\\Codes\\FWlib\\src\\stm32f10x_crc.c   0x00000000   Number         0  stm32f10x_crc.o ABSOLUTE
    ..\\Codes\\FWlib\\src\\stm32f10x_dac.c   0x00000000   Number         0  stm32f10x_dac.o ABSOLUTE
    ..\\Codes\\FWlib\\src\\stm32f10x_dbgmcu.c 0x00000000   Number         0  stm32f10x_dbgmcu.o ABSOLUTE
    ..\\Codes\\FWlib\\src\\stm32f10x_dma.c   0x00000000   Number         0  stm32f10x_dma.o ABSOLUTE
    ..\\Codes\\FWlib\\src\\stm32f10x_exti.c  0x00000000   Number         0  stm32f10x_exti.o ABSOLUTE
    ..\\Codes\\FWlib\\src\\stm32f10x_flash.c 0x00000000   Number         0  stm32f10x_flash.o ABSOLUTE
    ..\\Codes\\FWlib\\src\\stm32f10x_fsmc.c  0x00000000   Number         0  stm32f10x_fsmc.o ABSOLUTE
    ..\\Codes\\FWlib\\src\\stm32f10x_gpio.c  0x00000000   Number         0  stm32f10x_gpio.o ABSOLUTE
    ..\\Codes\\FWlib\\src\\stm32f10x_i2c.c   0x00000000   Number         0  stm32f10x_i2c.o ABSOLUTE
    ..\\Codes\\FWlib\\src\\stm32f10x_iwdg.c  0x00000000   Number         0  stm32f10x_iwdg.o ABSOLUTE
    ..\\Codes\\FWlib\\src\\stm32f10x_pwr.c   0x00000000   Number         0  stm32f10x_pwr.o ABSOLUTE
    ..\\Codes\\FWlib\\src\\stm32f10x_rcc.c   0x00000000   Number         0  stm32f10x_rcc.o ABSOLUTE
    ..\\Codes\\FWlib\\src\\stm32f10x_rtc.c   0x00000000   Number         0  stm32f10x_rtc.o ABSOLUTE
    ..\\Codes\\FWlib\\src\\stm32f10x_sdio.c  0x00000000   Number         0  stm32f10x_sdio.o ABSOLUTE
    ..\\Codes\\FWlib\\src\\stm32f10x_spi.c   0x00000000   Number         0  stm32f10x_spi.o ABSOLUTE
    ..\\Codes\\FWlib\\src\\stm32f10x_tim.c   0x00000000   Number         0  stm32f10x_tim.o ABSOLUTE
    ..\\Codes\\FWlib\\src\\stm32f10x_usart.c 0x00000000   Number         0  stm32f10x_usart.o ABSOLUTE
    ..\\Codes\\FWlib\\src\\stm32f10x_wwdg.c  0x00000000   Number         0  stm32f10x_wwdg.o ABSOLUTE
    ..\\Codes\\User\\main.c                  0x00000000   Number         0  main.o ABSOLUTE
    cdcmple.s                                0x00000000   Number         0  cdcmple.o ABSOLUTE
    cfcmple.s                                0x00000000   Number         0  cfcmple.o ABSOLUTE
    dc.s                                     0x00000000   Number         0  dc.o ABSOLUTE
    handlers.s                               0x00000000   Number         0  handlers.o ABSOLUTE
    init.s                                   0x00000000   Number         0  init.o ABSOLUTE
    RESET                                    0x08000000   Section      236  startup_stm32f10x_md.o(RESET)
    .ARM.Collect$$$$00000000                 0x080000ec   Section        0  entry.o(.ARM.Collect$$$$00000000)
    .ARM.Collect$$$$00000001                 0x080000ec   Section        4  entry2.o(.ARM.Collect$$$$00000001)
    .ARM.Collect$$$$00000004                 0x080000f0   Section        4  entry5.o(.ARM.Collect$$$$00000004)
    .ARM.Collect$$$$00000008                 0x080000f4   Section        0  entry7b.o(.ARM.Collect$$$$00000008)
    .ARM.Collect$$$$0000000A                 0x080000f4   Section        0  entry8b.o(.ARM.Collect$$$$0000000A)
    .ARM.Collect$$$$0000000B                 0x080000f4   Section        8  entry9a.o(.ARM.Collect$$$$0000000B)
    .ARM.Collect$$$$0000000D                 0x080000fc   Section        0  entry10a.o(.ARM.Collect$$$$0000000D)
    .ARM.Collect$$$$0000000F                 0x080000fc   Section        0  entry11a.o(.ARM.Collect$$$$0000000F)
    .ARM.Collect$$$$00002712                 0x080000fc   Section        4  entry2.o(.ARM.Collect$$$$00002712)
    __lit__00000000                          0x080000fc   Data           4  entry2.o(.ARM.Collect$$$$00002712)
    .text                                    0x08000100   Section       36  startup_stm32f10x_md.o(.text)
    .text                                    0x08000124   Section        0  main.o(.text)
    crc_accumulate                           0x08000125   Thumb Code    34  main.o(.text)
    crc_init                                 0x08000147   Thumb Code     8  main.o(.text)
    crc_calculate                            0x0800014f   Thumb Code    40  main.o(.text)
    crc_accumulate_buffer                    0x08000177   Thumb Code    38  main.o(.text)
    mavlink_quaternion_to_dcm                0x0800019d   Thumb Code   668  main.o(.text)
    mavlink_dcm_to_euler                     0x08000439   Thumb Code   236  main.o(.text)
    mavlink_quaternion_to_euler              0x08000525   Thumb Code    36  main.o(.text)
    mavlink_euler_to_quaternion              0x08000549   Thumb Code   512  main.o(.text)
    mavlink_dcm_to_quaternion                0x08000749   Thumb Code   284  main.o(.text)
    mavlink_euler_to_dcm                     0x08000865   Thumb Code   510  main.o(.text)
    mavlink_reset_channel_status             0x08000a71   Thumb Code    18  main.o(.text)
    mavlink_finalize_message_chan            0x08000a83   Thumb Code   120  main.o(.text)
    mavlink_finalize_message                 0x08000afb   Thumb Code    36  main.o(.text)
    _mavlink_send_uart                       0x08000b35   Thumb Code    20  main.o(.text)
    _mav_finalize_message_chan_send          0x08000b49   Thumb Code   150  main.o(.text)
    _mavlink_resend_uart                     0x08000bdf   Thumb Code    54  main.o(.text)
    mavlink_msg_to_send_buffer               0x08000c15   Thumb Code    40  main.o(.text)
    mavlink_start_checksum                   0x08000c3d   Thumb Code    12  main.o(.text)
    mavlink_update_checksum                  0x08000c49   Thumb Code    16  main.o(.text)
    mavlink_parse_char                       0x08000c67   Thumb Code   426  main.o(.text)
    put_bitfield_n_by_index                  0x08000e11   Thumb Code   154  main.o(.text)
    .text                                    0x08001064   Section        0  ano_drv_usart1.o(.text)
    .text                                    0x08001400   Section        0  misc.o(.text)
    .text                                    0x080014dc   Section        0  stm32f10x_gpio.o(.text)
    .text                                    0x08001834   Section        0  stm32f10x_rcc.o(.text)
    .text                                    0x08001bd8   Section        0  stm32f10x_usart.o(.text)
    .text                                    0x08001fe0   Section        0  system_stm32f10x.o(.text)
    SetSysClockTo72                          0x08001fe1   Thumb Code   212  system_stm32f10x.o(.text)
    SetSysClock                              0x080020b5   Thumb Code     8  system_stm32f10x.o(.text)
    .text                                    0x080021bc   Section        0  memcpya.o(.text)
    .text                                    0x080021e0   Section        0  fadd.o(.text)
    .text                                    0x08002290   Section        0  dadd.o(.text)
    .text                                    0x080023de   Section        0  dmul.o(.text)
    .text                                    0x080024c2   Section        0  ddiv.o(.text)
    .text                                    0x080025a0   Section        0  f2d.o(.text)
    .text                                    0x080025c6   Section        0  d2f.o(.text)
    .text                                    0x08002600   Section       20  cfcmple.o(.text)
    .text                                    0x08002614   Section        0  llshl.o(.text)
    .text                                    0x08002632   Section        0  llsshr.o(.text)
    .text                                    0x08002656   Section        0  iusefp.o(.text)
    .text                                    0x08002656   Section        0  fepilogue.o(.text)
    .text                                    0x080026c2   Section        0  fmul.o(.text)
    .text                                    0x0800272e   Section        0  fdiv.o(.text)
    .text                                    0x080027ae   Section        0  depilogue.o(.text)
    .text                                    0x0800286c   Section        0  dscalb.o(.text)
    .text                                    0x0800289a   Section        0  dsqrt.o(.text)
    .text                                    0x0800293c   Section       36  init.o(.text)
    .text                                    0x08002960   Section        0  llushr.o(.text)
    .text                                    0x08002980   Section        0  fscalb.o(.text)
    .text                                    0x08002998   Section        0  dflti.o(.text)
    .text                                    0x080029ba   Section        0  dfltui.o(.text)
    .text                                    0x080029d4   Section        0  dfixi.o(.text)
    i.__ARM_fpclassify                       0x08002a12   Section        0  fpclassify.o(i.__ARM_fpclassify)
    i.__ARM_fpclassifyf                      0x08002a3a   Section        0  fpclassifyf.o(i.__ARM_fpclassifyf)
    i.__ieee754_rem_pio2                     0x08002a60   Section        0  rred.o(i.__ieee754_rem_pio2)
    i.__kernel_cos                           0x08002de8   Section        0  cos_i.o(i.__kernel_cos)
    i.__kernel_poly                          0x08002ee4   Section        0  poly.o(i.__kernel_poly)
    i.__kernel_sin                           0x08002f90   Section        0  sin_i.o(i.__kernel_sin)
    i.__mathlib_dbl_underflow                0x0800307c   Section        0  dunder.o(i.__mathlib_dbl_underflow)
    i.__mathlib_flt_underflow                0x0800308c   Section        0  funder.o(i.__mathlib_flt_underflow)
    i.__scatterload_copy                     0x08003096   Section       14  handlers.o(i.__scatterload_copy)
    i.__scatterload_null                     0x080030a4   Section        2  handlers.o(i.__scatterload_null)
    i.__scatterload_zeroinit                 0x080030a6   Section       14  handlers.o(i.__scatterload_zeroinit)
    i.__set_errno                            0x080030b4   Section        0  errno.o(i.__set_errno)
    i.asin                                   0x080030c0   Section        0  asin.o(i.asin)
    i.atan2f                                 0x0800333c   Section        0  atan2f.o(i.atan2f)
    i.cos                                    0x08003590   Section        0  cos.o(i.cos)
    i.sin                                    0x0800363c   Section        0  sin.o(i.sin)
    i.sqrt                                   0x080036ec   Section        0  sqrt.o(i.sqrt)
    .constdata                               0x08003738   Section      256  main.o(.constdata)
    mavlink_message_crcs                     0x08003738   Data         256  main.o(.constdata)
    .constdata                               0x08003838   Section       80  asin.o(.constdata)
    pS                                       0x08003838   Data          48  asin.o(.constdata)
    qS                                       0x08003868   Data          32  asin.o(.constdata)
    .constdata                               0x08003888   Section       48  cos_i.o(.constdata)
    C                                        0x08003888   Data          48  cos_i.o(.constdata)
    .constdata                               0x080038b8   Section      200  rred.o(.constdata)
    pio2s                                    0x080038b8   Data          48  rred.o(.constdata)
    twooverpi                                0x080038e8   Data         152  rred.o(.constdata)
    .constdata                               0x08003980   Section       40  sin_i.o(.constdata)
    S                                        0x08003980   Data          40  sin_i.o(.constdata)
    .data                                    0x20000000   Section       12  main.o(.data)
    cnt_1000ms                               0x2000000a   Data           2  main.o(.data)
    .data                                    0x2000000c   Section       12  ano_drv_usart1.o(.data)
    TxCounter                                0x2000000c   Data           1  ano_drv_usart1.o(.data)
    count                                    0x2000000d   Data           1  ano_drv_usart1.o(.data)
    Rx_Act                                   0x2000000e   Data           1  ano_drv_usart1.o(.data)
    Rx_Adr                                   0x2000000f   Data           1  ano_drv_usart1.o(.data)
    .data                                    0x20000018   Section       20  stm32f10x_rcc.o(.data)
    APBAHBPrescTable                         0x20000018   Data          16  stm32f10x_rcc.o(.data)
    ADCPrescTable                            0x20000028   Data           4  stm32f10x_rcc.o(.data)
    .data                                    0x2000002c   Section       20  system_stm32f10x.o(.data)
    .data                                    0x20000040   Section        4  errno.o(.data)
    _errno                                   0x20000040   Data           4  errno.o(.data)
    .bss                                     0x20000044   Section     1417  main.o(.bss)
    m_mavlink_status                         0x20000044   Data          48  main.o(.bss)
    m_mavlink_buffer                         0x20000074   Data        1088  main.o(.bss)
    .bss                                     0x200005cd   Section      768  ano_drv_usart1.o(.bss)
    TxBuffer                                 0x200005cd   Data         256  ano_drv_usart1.o(.bss)
    STACK                                    0x200008d0   Section     1024  startup_stm32f10x_md.o(STACK)

    Global Symbols

    Symbol Name                              Value     Ov Type        Size  Object(Section)

    BuildAttributes$$THM_ISAv4$P$D$K$B$S$PE$A:L22UL41UL21$X:L11$S22US41US21$IEEE1$IW$USESV6$~STKCKD$USESV7$~SHL$OTIME$ROPI$IEEEX$EBA8$MICROLIB$REQ8$PRES8$EABIv2 0x00000000   Number         0  anon$$obj.o ABSOLUTE
    __ARM_use_no_argv                        0x00000000   Number         0  main.o ABSOLUTE
    __cpp_initialize__aeabi_                  - Undefined Weak Reference
    __cxa_finalize                            - Undefined Weak Reference
    __decompress                              - Undefined Weak Reference
    _clock_init                               - Undefined Weak Reference
    _microlib_exit                            - Undefined Weak Reference
    __Vectors_Size                           0x000000ec   Number         0  startup_stm32f10x_md.o ABSOLUTE
    __Vectors                                0x08000000   Data           4  startup_stm32f10x_md.o(RESET)
    __Vectors_End                            0x080000ec   Data           0  startup_stm32f10x_md.o(RESET)
    __main                                   0x080000ed   Thumb Code     0  entry.o(.ARM.Collect$$$$00000000)
    _main_stk                                0x080000ed   Thumb Code     0  entry2.o(.ARM.Collect$$$$00000001)
    _main_scatterload                        0x080000f1   Thumb Code     0  entry5.o(.ARM.Collect$$$$00000004)
    __main_after_scatterload                 0x080000f5   Thumb Code     0  entry5.o(.ARM.Collect$$$$00000004)
    _main_clock                              0x080000f5   Thumb Code     0  entry7b.o(.ARM.Collect$$$$00000008)
    _main_cpp_init                           0x080000f5   Thumb Code     0  entry8b.o(.ARM.Collect$$$$0000000A)
    _main_init                               0x080000f5   Thumb Code     0  entry9a.o(.ARM.Collect$$$$0000000B)
    __rt_final_cpp                           0x080000fd   Thumb Code     0  entry10a.o(.ARM.Collect$$$$0000000D)
    __rt_final_exit                          0x080000fd   Thumb Code     0  entry11a.o(.ARM.Collect$$$$0000000F)
    Reset_Handler                            0x08000101   Thumb Code     8  startup_stm32f10x_md.o(.text)
    NMI_Handler                              0x08000109   Thumb Code     2  startup_stm32f10x_md.o(.text)
    HardFault_Handler                        0x0800010b   Thumb Code     2  startup_stm32f10x_md.o(.text)
    MemManage_Handler                        0x0800010d   Thumb Code     2  startup_stm32f10x_md.o(.text)
    BusFault_Handler                         0x0800010f   Thumb Code     2  startup_stm32f10x_md.o(.text)
    UsageFault_Handler                       0x08000111   Thumb Code     2  startup_stm32f10x_md.o(.text)
    SVC_Handler                              0x08000113   Thumb Code     2  startup_stm32f10x_md.o(.text)
    DebugMon_Handler                         0x08000115   Thumb Code     2  startup_stm32f10x_md.o(.text)
    PendSV_Handler                           0x08000117   Thumb Code     2  startup_stm32f10x_md.o(.text)
    ADC1_2_IRQHandler                        0x0800011b   Thumb Code     0  startup_stm32f10x_md.o(.text)
    CAN1_RX1_IRQHandler                      0x0800011b   Thumb Code     0  startup_stm32f10x_md.o(.text)
    CAN1_SCE_IRQHandler                      0x0800011b   Thumb Code     0  startup_stm32f10x_md.o(.text)
    DMA1_Channel1_IRQHandler                 0x0800011b   Thumb Code     0  startup_stm32f10x_md.o(.text)
    DMA1_Channel2_IRQHandler                 0x0800011b   Thumb Code     0  startup_stm32f10x_md.o(.text)
    DMA1_Channel3_IRQHandler                 0x0800011b   Thumb Code     0  startup_stm32f10x_md.o(.text)
    DMA1_Channel4_IRQHandler                 0x0800011b   Thumb Code     0  startup_stm32f10x_md.o(.text)
    DMA1_Channel5_IRQHandler                 0x0800011b   Thumb Code     0  startup_stm32f10x_md.o(.text)
    DMA1_Channel6_IRQHandler                 0x0800011b   Thumb Code     0  startup_stm32f10x_md.o(.text)
    DMA1_Channel7_IRQHandler                 0x0800011b   Thumb Code     0  startup_stm32f10x_md.o(.text)
    EXTI0_IRQHandler                         0x0800011b   Thumb Code     0  startup_stm32f10x_md.o(.text)
    EXTI15_10_IRQHandler                     0x0800011b   Thumb Code     0  startup_stm32f10x_md.o(.text)
    EXTI1_IRQHandler                         0x0800011b   Thumb Code     0  startup_stm32f10x_md.o(.text)
    EXTI2_IRQHandler                         0x0800011b   Thumb Code     0  startup_stm32f10x_md.o(.text)
    EXTI3_IRQHandler                         0x0800011b   Thumb Code     0  startup_stm32f10x_md.o(.text)
    EXTI4_IRQHandler                         0x0800011b   Thumb Code     0  startup_stm32f10x_md.o(.text)
    EXTI9_5_IRQHandler                       0x0800011b   Thumb Code     0  startup_stm32f10x_md.o(.text)
    FLASH_IRQHandler                         0x0800011b   Thumb Code     0  startup_stm32f10x_md.o(.text)
    I2C1_ER_IRQHandler                       0x0800011b   Thumb Code     0  startup_stm32f10x_md.o(.text)
    I2C1_EV_IRQHandler                       0x0800011b   Thumb Code     0  startup_stm32f10x_md.o(.text)
    I2C2_ER_IRQHandler                       0x0800011b   Thumb Code     0  startup_stm32f10x_md.o(.text)
    I2C2_EV_IRQHandler                       0x0800011b   Thumb Code     0  startup_stm32f10x_md.o(.text)
    PVD_IRQHandler                           0x0800011b   Thumb Code     0  startup_stm32f10x_md.o(.text)
    RCC_IRQHandler                           0x0800011b   Thumb Code     0  startup_stm32f10x_md.o(.text)
    RTCAlarm_IRQHandler                      0x0800011b   Thumb Code     0  startup_stm32f10x_md.o(.text)
    RTC_IRQHandler                           0x0800011b   Thumb Code     0  startup_stm32f10x_md.o(.text)
    SPI1_IRQHandler                          0x0800011b   Thumb Code     0  startup_stm32f10x_md.o(.text)
    SPI2_IRQHandler                          0x0800011b   Thumb Code     0  startup_stm32f10x_md.o(.text)
    TAMPER_IRQHandler                        0x0800011b   Thumb Code     0  startup_stm32f10x_md.o(.text)
    TIM1_BRK_IRQHandler                      0x0800011b   Thumb Code     0  startup_stm32f10x_md.o(.text)
    TIM1_CC_IRQHandler                       0x0800011b   Thumb Code     0  startup_stm32f10x_md.o(.text)
    TIM1_TRG_COM_IRQHandler                  0x0800011b   Thumb Code     0  startup_stm32f10x_md.o(.text)
    TIM1_UP_IRQHandler                       0x0800011b   Thumb Code     0  startup_stm32f10x_md.o(.text)
    TIM2_IRQHandler                          0x0800011b   Thumb Code     0  startup_stm32f10x_md.o(.text)
    TIM3_IRQHandler                          0x0800011b   Thumb Code     0  startup_stm32f10x_md.o(.text)
    TIM4_IRQHandler                          0x0800011b   Thumb Code     0  startup_stm32f10x_md.o(.text)
    USART2_IRQHandler                        0x0800011b   Thumb Code     0  startup_stm32f10x_md.o(.text)
    USART3_IRQHandler                        0x0800011b   Thumb Code     0  startup_stm32f10x_md.o(.text)
    USBWakeUp_IRQHandler                     0x0800011b   Thumb Code     0  startup_stm32f10x_md.o(.text)
    USB_HP_CAN1_TX_IRQHandler                0x0800011b   Thumb Code     0  startup_stm32f10x_md.o(.text)
    USB_LP_CAN1_RX0_IRQHandler               0x0800011b   Thumb Code     0  startup_stm32f10x_md.o(.text)
    WWDG_IRQHandler                          0x0800011b   Thumb Code     0  startup_stm32f10x_md.o(.text)
    mavlink_get_channel_status               0x08000a63   Thumb Code    14  main.o(.text)
    mavlink_send_uart_bytes                  0x08000b1f   Thumb Code    22  main.o(.text)
    mavlink_get_channel_buffer               0x08000c59   Thumb Code    14  main.o(.text)
    Scheduler_Init                           0x08000eab   Thumb Code     8  main.o(.text)
    LED_Init                                 0x08000eb3   Thumb Code    50  main.o(.text)
    mavlink_init                             0x08000ee5   Thumb Code    16  main.o(.text)
    main                                     0x08000ef5   Thumb Code   300  main.o(.text)
    SysTick_IRQ                              0x08001021   Thumb Code    12  main.o(.text)
    SysTick_Handler                          0x0800102d   Thumb Code     8  main.o(.text)
    Uart1_Init                               0x08001065   Thumb Code   198  ano_drv_usart1.o(.text)
    USART1_IRQHandler                        0x0800112b   Thumb Code   294  ano_drv_usart1.o(.text)
    Uart1_Put_Char                           0x08001251   Thumb Code    48  ano_drv_usart1.o(.text)
    Uart1_Put_Int16                          0x08001281   Thumb Code    86  ano_drv_usart1.o(.text)
    Uart1_Put_Float                          0x080012d7   Thumb Code   144  ano_drv_usart1.o(.text)
    Uart1_Put_String                         0x08001367   Thumb Code    46  ano_drv_usart1.o(.text)
    Usart1_Send_Buf                          0x08001395   Thumb Code    62  ano_drv_usart1.o(.text)
    NVIC_PriorityGroupConfig                 0x08001401   Thumb Code    10  misc.o(.text)
    NVIC_Init                                0x0800140b   Thumb Code   102  misc.o(.text)
    NVIC_SetVectorTable                      0x08001471   Thumb Code    14  misc.o(.text)
    NVIC_SystemLPConfig                      0x0800147f   Thumb Code    34  misc.o(.text)
    SysTick_CLKSourceConfig                  0x080014a1   Thumb Code    40  misc.o(.text)
    GPIO_DeInit                              0x080014dd   Thumb Code   172  stm32f10x_gpio.o(.text)
    GPIO_AFIODeInit                          0x08001589   Thumb Code    20  stm32f10x_gpio.o(.text)
    GPIO_Init                                0x0800159d   Thumb Code   274  stm32f10x_gpio.o(.text)
    GPIO_StructInit                          0x080016af   Thumb Code    16  stm32f10x_gpio.o(.text)
    GPIO_ReadInputDataBit                    0x080016bf   Thumb Code    18  stm32f10x_gpio.o(.text)
    GPIO_ReadInputData                       0x080016d1   Thumb Code     8  stm32f10x_gpio.o(.text)
    GPIO_ReadOutputDataBit                   0x080016d9   Thumb Code    18  stm32f10x_gpio.o(.text)
    GPIO_ReadOutputData                      0x080016eb   Thumb Code     8  stm32f10x_gpio.o(.text)
    GPIO_SetBits                             0x080016f3   Thumb Code     4  stm32f10x_gpio.o(.text)
    GPIO_ResetBits                           0x080016f7   Thumb Code     4  stm32f10x_gpio.o(.text)
    GPIO_WriteBit                            0x080016fb   Thumb Code    10  stm32f10x_gpio.o(.text)
    GPIO_Write                               0x08001705   Thumb Code     4  stm32f10x_gpio.o(.text)
    GPIO_PinLockConfig                       0x08001709   Thumb Code    18  stm32f10x_gpio.o(.text)
    GPIO_EventOutputConfig                   0x0800171b   Thumb Code    26  stm32f10x_gpio.o(.text)
    GPIO_EventOutputCmd                      0x08001735   Thumb Code     6  stm32f10x_gpio.o(.text)
    GPIO_PinRemapConfig                      0x0800173b   Thumb Code   138  stm32f10x_gpio.o(.text)
    GPIO_EXTILineConfig                      0x080017c5   Thumb Code    66  stm32f10x_gpio.o(.text)
    GPIO_ETH_MediaInterfaceConfig            0x08001807   Thumb Code     6  stm32f10x_gpio.o(.text)
    RCC_DeInit                               0x08001835   Thumb Code    64  stm32f10x_rcc.o(.text)
    RCC_HSEConfig                            0x08001875   Thumb Code    70  stm32f10x_rcc.o(.text)
    RCC_GetFlagStatus                        0x080018bb   Thumb Code    56  stm32f10x_rcc.o(.text)
    RCC_WaitForHSEStartUp                    0x080018f3   Thumb Code    56  stm32f10x_rcc.o(.text)
    RCC_AdjustHSICalibrationValue            0x0800192b   Thumb Code    20  stm32f10x_rcc.o(.text)
    RCC_HSICmd                               0x0800193f   Thumb Code     6  stm32f10x_rcc.o(.text)
    RCC_PLLConfig                            0x08001945   Thumb Code    24  stm32f10x_rcc.o(.text)
    RCC_PLLCmd                               0x0800195d   Thumb Code     6  stm32f10x_rcc.o(.text)
    RCC_SYSCLKConfig                         0x08001963   Thumb Code    18  stm32f10x_rcc.o(.text)
    RCC_GetSYSCLKSource                      0x08001975   Thumb Code    10  stm32f10x_rcc.o(.text)
    RCC_HCLKConfig                           0x0800197f   Thumb Code    18  stm32f10x_rcc.o(.text)
    RCC_PCLK1Config                          0x08001991   Thumb Code    18  stm32f10x_rcc.o(.text)
    RCC_PCLK2Config                          0x080019a3   Thumb Code    20  stm32f10x_rcc.o(.text)
    RCC_ITConfig                             0x080019b7   Thumb Code    26  stm32f10x_rcc.o(.text)
    RCC_USBCLKConfig                         0x080019d1   Thumb Code     6  stm32f10x_rcc.o(.text)
    RCC_ADCCLKConfig                         0x080019d7   Thumb Code    18  stm32f10x_rcc.o(.text)
    RCC_LSEConfig                            0x080019e9   Thumb Code    44  stm32f10x_rcc.o(.text)
    RCC_LSICmd                               0x08001a15   Thumb Code     6  stm32f10x_rcc.o(.text)
    RCC_RTCCLKConfig                         0x08001a1b   Thumb Code    12  stm32f10x_rcc.o(.text)
    RCC_RTCCLKCmd                            0x08001a27   Thumb Code     8  stm32f10x_rcc.o(.text)
    RCC_GetClocksFreq                        0x08001a2f   Thumb Code   192  stm32f10x_rcc.o(.text)
    RCC_AHBPeriphClockCmd                    0x08001aef   Thumb Code    26  stm32f10x_rcc.o(.text)
    RCC_APB2PeriphClockCmd                   0x08001b09   Thumb Code    26  stm32f10x_rcc.o(.text)
    RCC_APB1PeriphClockCmd                   0x08001b23   Thumb Code    26  stm32f10x_rcc.o(.text)
    RCC_APB2PeriphResetCmd                   0x08001b3d   Thumb Code    26  stm32f10x_rcc.o(.text)
    RCC_APB1PeriphResetCmd                   0x08001b57   Thumb Code    26  stm32f10x_rcc.o(.text)
    RCC_BackupResetCmd                       0x08001b71   Thumb Code     8  stm32f10x_rcc.o(.text)
    RCC_ClockSecuritySystemCmd               0x08001b79   Thumb Code     6  stm32f10x_rcc.o(.text)
    RCC_MCOConfig                            0x08001b7f   Thumb Code     6  stm32f10x_rcc.o(.text)
    RCC_ClearFlag                            0x08001b85   Thumb Code    14  stm32f10x_rcc.o(.text)
    RCC_GetITStatus                          0x08001b93   Thumb Code    20  stm32f10x_rcc.o(.text)
    RCC_ClearITPendingBit                    0x08001ba7   Thumb Code     6  stm32f10x_rcc.o(.text)
    USART_DeInit                             0x08001bd9   Thumb Code   134  stm32f10x_usart.o(.text)
    USART_Init                               0x08001c5f   Thumb Code   210  stm32f10x_usart.o(.text)
    USART_StructInit                         0x08001d31   Thumb Code    24  stm32f10x_usart.o(.text)
    USART_ClockInit                          0x08001d49   Thumb Code    34  stm32f10x_usart.o(.text)
    USART_ClockStructInit                    0x08001d6b   Thumb Code    12  stm32f10x_usart.o(.text)
    USART_Cmd                                0x08001d77   Thumb Code    24  stm32f10x_usart.o(.text)
    USART_ITConfig                           0x08001d8f   Thumb Code    74  stm32f10x_usart.o(.text)
    USART_DMACmd                             0x08001dd9   Thumb Code    18  stm32f10x_usart.o(.text)
    USART_SetAddress                         0x08001deb   Thumb Code    18  stm32f10x_usart.o(.text)
    USART_WakeUpConfig                       0x08001dfd   Thumb Code    18  stm32f10x_usart.o(.text)
    USART_ReceiverWakeUpCmd                  0x08001e0f   Thumb Code    24  stm32f10x_usart.o(.text)
    USART_LINBreakDetectLengthConfig         0x08001e27   Thumb Code    18  stm32f10x_usart.o(.text)
    USART_LINCmd                             0x08001e39   Thumb Code    24  stm32f10x_usart.o(.text)
    USART_SendData                           0x08001e51   Thumb Code     8  stm32f10x_usart.o(.text)
    USART_ReceiveData                        0x08001e59   Thumb Code    10  stm32f10x_usart.o(.text)
    USART_SendBreak                          0x08001e63   Thumb Code    10  stm32f10x_usart.o(.text)
    USART_SetGuardTime                       0x08001e6d   Thumb Code    16  stm32f10x_usart.o(.text)
    USART_SetPrescaler                       0x08001e7d   Thumb Code    16  stm32f10x_usart.o(.text)
    USART_SmartCardCmd                       0x08001e8d   Thumb Code    24  stm32f10x_usart.o(.text)
    USART_SmartCardNACKCmd                   0x08001ea5   Thumb Code    24  stm32f10x_usart.o(.text)
    USART_HalfDuplexCmd                      0x08001ebd   Thumb Code    24  stm32f10x_usart.o(.text)
    USART_OverSampling8Cmd                   0x08001ed5   Thumb Code    22  stm32f10x_usart.o(.text)
    USART_OneBitMethodCmd                    0x08001eeb   Thumb Code    24  stm32f10x_usart.o(.text)
    USART_IrDAConfig                         0x08001f03   Thumb Code    18  stm32f10x_usart.o(.text)
    USART_IrDACmd                            0x08001f15   Thumb Code    24  stm32f10x_usart.o(.text)
    USART_GetFlagStatus                      0x08001f2d   Thumb Code    26  stm32f10x_usart.o(.text)
    USART_ClearFlag                          0x08001f47   Thumb Code    18  stm32f10x_usart.o(.text)
    USART_GetITStatus                        0x08001f59   Thumb Code    84  stm32f10x_usart.o(.text)
    USART_ClearITPendingBit                  0x08001fad   Thumb Code    52  stm32f10x_usart.o(.text)
    SystemInit                               0x080020bd   Thumb Code    78  system_stm32f10x.o(.text)
    SystemCoreClockUpdate                    0x0800210b   Thumb Code   142  system_stm32f10x.o(.text)
    __aeabi_memcpy                           0x080021bd   Thumb Code    36  memcpya.o(.text)
    __aeabi_memcpy4                          0x080021bd   Thumb Code     0  memcpya.o(.text)
    __aeabi_memcpy8                          0x080021bd   Thumb Code     0  memcpya.o(.text)
    __aeabi_fadd                             0x080021e1   Thumb Code   164  fadd.o(.text)
    __aeabi_fsub                             0x08002285   Thumb Code     6  fadd.o(.text)
    __aeabi_frsub                            0x0800228b   Thumb Code     6  fadd.o(.text)
    __aeabi_dadd                             0x08002291   Thumb Code   322  dadd.o(.text)
    __aeabi_dsub                             0x080023d3   Thumb Code     6  dadd.o(.text)
    __aeabi_drsub                            0x080023d9   Thumb Code     6  dadd.o(.text)
    __aeabi_dmul                             0x080023df   Thumb Code   228  dmul.o(.text)
    __aeabi_ddiv                             0x080024c3   Thumb Code   222  ddiv.o(.text)
    __aeabi_f2d                              0x080025a1   Thumb Code    38  f2d.o(.text)
    __aeabi_d2f                              0x080025c7   Thumb Code    56  d2f.o(.text)
    __aeabi_cfcmpeq                          0x08002601   Thumb Code     0  cfcmple.o(.text)
    __aeabi_cfcmple                          0x08002601   Thumb Code    20  cfcmple.o(.text)
    __aeabi_llsl                             0x08002615   Thumb Code    30  llshl.o(.text)
    _ll_shift_l                              0x08002615   Thumb Code     0  llshl.o(.text)
    __aeabi_lasr                             0x08002633   Thumb Code    36  llsshr.o(.text)
    _ll_sshift_r                             0x08002633   Thumb Code     0  llsshr.o(.text)
    __I$use$fp                               0x08002657   Thumb Code     0  iusefp.o(.text)
    _float_round                             0x08002657   Thumb Code    18  fepilogue.o(.text)
    _float_epilogue                          0x08002669   Thumb Code    90  fepilogue.o(.text)
    __aeabi_fmul                             0x080026c3   Thumb Code   108  fmul.o(.text)
    __aeabi_fdiv                             0x0800272f   Thumb Code   128  fdiv.o(.text)
    _double_round                            0x080027af   Thumb Code    26  depilogue.o(.text)
    _double_epilogue                         0x080027c9   Thumb Code   164  depilogue.o(.text)
    __ARM_scalbn                             0x0800286d   Thumb Code    46  dscalb.o(.text)
    scalbn                                   0x0800286d   Thumb Code     0  dscalb.o(.text)
    _dsqrt                                   0x0800289b   Thumb Code   162  dsqrt.o(.text)
    __scatterload                            0x0800293d   Thumb Code    28  init.o(.text)
    __scatterload_rt2                        0x0800293d   Thumb Code     0  init.o(.text)
    __aeabi_llsr                             0x08002961   Thumb Code    32  llushr.o(.text)
    _ll_ushift_r                             0x08002961   Thumb Code     0  llushr.o(.text)
    __ARM_scalbnf                            0x08002981   Thumb Code    24  fscalb.o(.text)
    scalbnf                                  0x08002981   Thumb Code     0  fscalb.o(.text)
    __aeabi_i2d                              0x08002999   Thumb Code    34  dflti.o(.text)
    __aeabi_ui2d                             0x080029bb   Thumb Code    26  dfltui.o(.text)
    __aeabi_d2iz                             0x080029d5   Thumb Code    62  dfixi.o(.text)
    __ARM_fpclassify                         0x08002a13   Thumb Code    40  fpclassify.o(i.__ARM_fpclassify)
    __ARM_fpclassifyf                        0x08002a3b   Thumb Code    38  fpclassifyf.o(i.__ARM_fpclassifyf)
    __ieee754_rem_pio2                       0x08002a61   Thumb Code   832  rred.o(i.__ieee754_rem_pio2)
    __kernel_cos                             0x08002de9   Thumb Code   230  cos_i.o(i.__kernel_cos)
    __kernel_poly                            0x08002ee5   Thumb Code   170  poly.o(i.__kernel_poly)
    __kernel_sin                             0x08002f91   Thumb Code   224  sin_i.o(i.__kernel_sin)
    __mathlib_dbl_underflow                  0x0800307d   Thumb Code    10  dunder.o(i.__mathlib_dbl_underflow)
    __mathlib_flt_underflow                  0x0800308d   Thumb Code    10  funder.o(i.__mathlib_flt_underflow)
    __scatterload_copy                       0x08003097   Thumb Code    14  handlers.o(i.__scatterload_copy)
    __scatterload_null                       0x080030a5   Thumb Code     2  handlers.o(i.__scatterload_null)
    __scatterload_zeroinit                   0x080030a7   Thumb Code    14  handlers.o(i.__scatterload_zeroinit)
    __set_errno                              0x080030b5   Thumb Code     6  errno.o(i.__set_errno)
    asin                                     0x080030c1   Thumb Code   584  asin.o(i.asin)
    atan2f                                   0x0800333d   Thumb Code   520  atan2f.o(i.atan2f)
    cos                                      0x08003591   Thumb Code   164  cos.o(i.cos)
    sin                                      0x0800363d   Thumb Code   166  sin.o(i.sin)
    sqrt                                     0x080036ed   Thumb Code    76  sqrt.o(i.sqrt)
    Region$$Table$$Base                      0x080039a8   Number         0  anon$$obj.o(Region$$Table)
    Region$$Table$$Limit                     0x080039c8   Number         0  anon$$obj.o(Region$$Table)
    system_type                              0x20000000   Data           1  main.o(.data)
    autopilot_type                           0x20000001   Data           1  main.o(.data)
    system_mode                              0x20000002   Data           1  main.o(.data)
    custom_mode                              0x20000004   Data           4  main.o(.data)
    system_state                             0x20000008   Data           1  main.o(.data)
    Rx_Ok0                                   0x20000010   Data           1  ano_drv_usart1.o(.data)
    Rx_Ok1                                   0x20000011   Data           1  ano_drv_usart1.o(.data)
    floattobyte                              0x20000014   Data           4  ano_drv_usart1.o(.data)
    SystemCoreClock                          0x2000002c   Data           4  system_stm32f10x.o(.data)
    AHBPrescTable                            0x20000030   Data          16  system_stm32f10x.o(.data)
    mavlink_system                           0x200004b4   Data           9  main.o(.bss)
    msg                                      0x200004bd   Data         272  main.o(.bss)
    Rx_Buf                                   0x200006cd   Data         512  ano_drv_usart1.o(.bss)
    __initial_sp                             0x20000cd0   Data           0  startup_stm32f10x_md.o(STACK)



==============================================================================

Memory Map of the image

  Image Entry point : 0x080000ed

  Load Region LR_IROM1 (Base: 0x08000000, Size: 0x00003a0c, Max: 0x00080000, ABSOLUTE)

    Execution Region ER_IROM1 (Base: 0x08000000, Size: 0x000039c8, Max: 0x00080000, ABSOLUTE)

    Base Addr    Size         Type   Attr      Idx    E Section Name        Object

    0x08000000   0x000000ec   Data   RO            3    RESET               startup_stm32f10x_md.o
    0x080000ec   0x00000000   Code   RO         1255  * .ARM.Collect$$$$00000000  mc_w.l(entry.o)
    0x080000ec   0x00000004   Code   RO         1300    .ARM.Collect$$$$00000001  mc_w.l(entry2.o)
    0x080000f0   0x00000004   Code   RO         1303    .ARM.Collect$$$$00000004  mc_w.l(entry5.o)
    0x080000f4   0x00000000   Code   RO         1305    .ARM.Collect$$$$00000008  mc_w.l(entry7b.o)
    0x080000f4   0x00000000   Code   RO         1307    .ARM.Collect$$$$0000000A  mc_w.l(entry8b.o)
    0x080000f4   0x00000008   Code   RO         1308    .ARM.Collect$$$$0000000B  mc_w.l(entry9a.o)
    0x080000fc   0x00000000   Code   RO         1310    .ARM.Collect$$$$0000000D  mc_w.l(entry10a.o)
    0x080000fc   0x00000000   Code   RO         1312    .ARM.Collect$$$$0000000F  mc_w.l(entry11a.o)
    0x080000fc   0x00000004   Code   RO         1301    .ARM.Collect$$$$00002712  mc_w.l(entry2.o)
    0x08000100   0x00000024   Code   RO            4    .text               startup_stm32f10x_md.o
    0x08000124   0x00000f40   Code   RO           12    .text               main.o
    0x08001064   0x0000039c   Code   RO          496    .text               ano_drv_usart1.o
    0x08001400   0x000000dc   Code   RO          579    .text               misc.o
    0x080014dc   0x00000358   Code   RO          888    .text               stm32f10x_gpio.o
    0x08001834   0x000003a4   Code   RO          977    .text               stm32f10x_rcc.o
    0x08001bd8   0x00000408   Code   RO         1128    .text               stm32f10x_usart.o
    0x08001fe0   0x000001dc   Code   RO         1179    .text               system_stm32f10x.o
    0x080021bc   0x00000024   Code   RO         1258    .text               mc_w.l(memcpya.o)
    0x080021e0   0x000000b0   Code   RO         1262    .text               mf_w.l(fadd.o)
    0x08002290   0x0000014e   Code   RO         1264    .text               mf_w.l(dadd.o)
    0x080023de   0x000000e4   Code   RO         1266    .text               mf_w.l(dmul.o)
    0x080024c2   0x000000de   Code   RO         1268    .text               mf_w.l(ddiv.o)
    0x080025a0   0x00000026   Code   RO         1270    .text               mf_w.l(f2d.o)
    0x080025c6   0x00000038   Code   RO         1272    .text               mf_w.l(d2f.o)
    0x080025fe   0x00000002   PAD
    0x08002600   0x00000014   Code   RO         1274    .text               mf_w.l(cfcmple.o)
    0x08002614   0x0000001e   Code   RO         1314    .text               mc_w.l(llshl.o)
    0x08002632   0x00000024   Code   RO         1316    .text               mc_w.l(llsshr.o)
    0x08002656   0x00000000   Code   RO         1325    .text               mc_w.l(iusefp.o)
    0x08002656   0x0000006c   Code   RO         1326    .text               mf_w.l(fepilogue.o)
    0x080026c2   0x0000006c   Code   RO         1328    .text               mf_w.l(fmul.o)
    0x0800272e   0x00000080   Code   RO         1330    .text               mf_w.l(fdiv.o)
    0x080027ae   0x000000be   Code   RO         1332    .text               mf_w.l(depilogue.o)
    0x0800286c   0x0000002e   Code   RO         1334    .text               mf_w.l(dscalb.o)
    0x0800289a   0x000000a2   Code   RO         1336    .text               mf_w.l(dsqrt.o)
    0x0800293c   0x00000024   Code   RO         1340    .text               mc_w.l(init.o)
    0x08002960   0x00000020   Code   RO         1342    .text               mc_w.l(llushr.o)
    0x08002980   0x00000018   Code   RO         1344    .text               mf_w.l(fscalb.o)
    0x08002998   0x00000022   Code   RO         1346    .text               mf_w.l(dflti.o)
    0x080029ba   0x0000001a   Code   RO         1348    .text               mf_w.l(dfltui.o)
    0x080029d4   0x0000003e   Code   RO         1350    .text               mf_w.l(dfixi.o)
    0x08002a12   0x00000028   Code   RO         1281    i.__ARM_fpclassify  m_ws.l(fpclassify.o)
    0x08002a3a   0x00000026   Code   RO         1283    i.__ARM_fpclassifyf  m_ws.l(fpclassifyf.o)
    0x08002a60   0x00000388   Code   RO         1289    i.__ieee754_rem_pio2  m_ws.l(rred.o)
    0x08002de8   0x000000fc   Code   RO         1276    i.__kernel_cos      m_ws.l(cos_i.o)
    0x08002ee4   0x000000aa   Code   RO         1287    i.__kernel_poly     m_ws.l(poly.o)
    0x08002f8e   0x00000002   PAD
    0x08002f90   0x000000ec   Code   RO         1294    i.__kernel_sin      m_ws.l(sin_i.o)
    0x0800307c   0x00000010   Code   RO         1279    i.__mathlib_dbl_underflow  m_ws.l(dunder.o)
    0x0800308c   0x0000000a   Code   RO         1285    i.__mathlib_flt_underflow  m_ws.l(funder.o)
    0x08003096   0x0000000e   Code   RO         1354    i.__scatterload_copy  mc_w.l(handlers.o)
    0x080030a4   0x00000002   Code   RO         1355    i.__scatterload_null  mc_w.l(handlers.o)
    0x080030a6   0x0000000e   Code   RO         1356    i.__scatterload_zeroinit  mc_w.l(handlers.o)
    0x080030b4   0x0000000c   Code   RO         1320    i.__set_errno       mc_w.l(errno.o)
    0x080030c0   0x0000027c   Code   RO         1214    i.asin              m_ws.l(asin.o)
    0x0800333c   0x00000254   Code   RO         1224    i.atan2f            m_ws.l(atan2f.o)
    0x08003590   0x000000ac   Code   RO         1232    i.cos               m_ws.l(cos.o)
    0x0800363c   0x000000b0   Code   RO         1240    i.sin               m_ws.l(sin.o)
    0x080036ec   0x0000004c   Code   RO         1248    i.sqrt              m_ws.l(sqrt.o)
    0x08003738   0x00000100   Data   RO           14    .constdata          main.o
    0x08003838   0x00000050   Data   RO         1215    .constdata          m_ws.l(asin.o)
    0x08003888   0x00000030   Data   RO         1277    .constdata          m_ws.l(cos_i.o)
    0x080038b8   0x000000c8   Data   RO         1291    .constdata          m_ws.l(rred.o)
    0x08003980   0x00000028   Data   RO         1295    .constdata          m_ws.l(sin_i.o)
    0x080039a8   0x00000020   Data   RO         1352    Region$$Table       anon$$obj.o


    Execution Region RW_IRAM1 (Base: 0x20000000, Size: 0x00000cd0, Max: 0x00010000, ABSOLUTE)

    Base Addr    Size         Type   Attr      Idx    E Section Name        Object

    0x20000000   0x0000000c   Data   RW           15    .data               main.o
    0x2000000c   0x0000000c   Data   RW          498    .data               ano_drv_usart1.o
    0x20000018   0x00000014   Data   RW          978    .data               stm32f10x_rcc.o
    0x2000002c   0x00000014   Data   RW         1180    .data               system_stm32f10x.o
    0x20000040   0x00000004   Data   RW         1321    .data               mc_w.l(errno.o)
    0x20000044   0x00000589   Zero   RW           13    .bss                main.o
    0x200005cd   0x00000300   Zero   RW          497    .bss                ano_drv_usart1.o
    0x200008cd   0x00000003   PAD
    0x200008d0   0x00000400   Zero   RW            1    STACK               startup_stm32f10x_md.o


==============================================================================

Image component sizes


      Code (inc. data)   RO Data    RW Data    ZI Data      Debug   Object Name

       924         46          0         12        768     225446   ano_drv_usart1.o
      3904         88        256         12       1417     262873   main.o
       220         20          0          0          0      12193   misc.o
        36          8        236          0       1024        796   startup_stm32f10x_md.o
       856         40          0          0          0      14017   stm32f10x_gpio.o
       932         44          0         20          0      17632   stm32f10x_rcc.o
      1032         22          0          0          0      14420   stm32f10x_usart.o
       476         36          0         20          0       1791   system_stm32f10x.o

    ----------------------------------------------------------------------
      8380        304        524         64       3212     549168   Object Totals
         0          0         32          0          0          0   (incl. Generated)
         0          0          0          0          3          0   (incl. Padding)

    ----------------------------------------------------------------------

      Code (inc. data)   RO Data    RW Data    ZI Data      Debug   Library Member Name

       636         52         80          0          0        168   asin.o
       596         76          0          0          0        116   atan2f.o
       172          8          0          0          0        112   cos.o
       252         22         48          0          0        124   cos_i.o
        16          6          0          0          0         68   dunder.o
        40          0          0          0          0         68   fpclassify.o
        38          0          0          0          0         68   fpclassifyf.o
        10          0          0          0          0         68   funder.o
       170          0          0          0          0         96   poly.o
       904         72        200          0          0        140   rred.o
       176         10          0          0          0        116   sin.o
       236         12         40          0          0        128   sin_i.o
        76          0          0          0          0         84   sqrt.o
         0          0          0          0          0          0   entry.o
         0          0          0          0          0          0   entry10a.o
         0          0          0          0          0          0   entry11a.o
         8          4          0          0          0          0   entry2.o
         4          0          0          0          0          0   entry5.o
         0          0          0          0          0          0   entry7b.o
         0          0          0          0          0          0   entry8b.o
         8          4          0          0          0          0   entry9a.o
        12          6          0          4          0         68   errno.o
        30          0          0          0          0          0   handlers.o
        36          8          0          0          0         68   init.o
         0          0          0          0          0          0   iusefp.o
        30          0          0          0          0         68   llshl.o
        36          0          0          0          0         68   llsshr.o
        32          0          0          0          0         68   llushr.o
        36          0          0          0          0         68   memcpya.o
        20          0          0          0          0         68   cfcmple.o
        56          0          0          0          0         88   d2f.o
       334          0          0          0          0        148   dadd.o
       222          0          0          0          0        100   ddiv.o
       190          0          0          0          0        176   depilogue.o
        62          0          0          0          0         80   dfixi.o
        34          0          0          0          0         76   dflti.o
        26          0          0          0          0         76   dfltui.o
       228          0          0          0          0         96   dmul.o
        46          0          0          0          0         80   dscalb.o
       162          0          0          0          0        100   dsqrt.o
        38          0          0          0          0         68   f2d.o
       176          0          0          0          0        140   fadd.o
       128          0          0          0          0         88   fdiv.o
       108          0          0          0          0        168   fepilogue.o
       108          0          0          0          0         76   fmul.o
        24          0          0          0          0         68   fscalb.o

    ----------------------------------------------------------------------
      5520        280        368          4          0       3460   Library Totals
         4          0          0          0          0          0   (incl. Padding)

    ----------------------------------------------------------------------

      Code (inc. data)   RO Data    RW Data    ZI Data      Debug   Library Name

      3322        258        368          0          0       1356   m_ws.l
       232         22          0          4          0        408   mc_w.l
      1962          0          0          0          0       1696   mf_w.l

    ----------------------------------------------------------------------
      5520        280        368          4          0       3460   Library Totals

    ----------------------------------------------------------------------

==============================================================================


      Code (inc. data)   RO Data    RW Data    ZI Data      Debug   

     13900        584        892         68       3212     550080   Grand Totals
     13900        584        892         68       3212     550080   ELF Image Totals
     13900        584        892         68          0          0   ROM Totals

==============================================================================

    Total RO  Size (Code + RO Data)                14792 (  14.45kB)
    Total RW  Size (RW Data + ZI Data)              3280 (   3.20kB)
    Total ROM Size (Code + RO Data + RW Data)      14860 (  14.51kB)

==============================================================================

