ARM Linker, 5.03 [Build 76] [MDK-ARM Professional]

==============================================================================

Section Cross References

    communication.o(.text) refers to usart.o(.text) for usart3_tx_ringbuffer_push
    communication.o(.text) refers to usbd_cdc_vcp.o(.text) for VCP_put_char
    communication.o(.text) refers to rt_memcpy_v6.o(.text) for __aeabi_memcpy
    communication.o(.text) refers to rt_memclr.o(.text) for __aeabi_memclr
    communication.o(.text) refers to communication.o(.bss) for m_mavlink_status
    communication.o(.text) refers to communication.o(.constdata) for mavlink_message_crcs
    communication.o(.text) refers to settings.o(.bss) for global_data
    communication.o(.text) refers to rt_memcpy_w.o(.text) for __aeabi_memcpy4
    communication.o(.text) refers to settings.o(.text) for set_sensor_position_settings
    communication.o(.text) refers to mt9v034.o(.text) for mt9v034_context_configuration
    communication.o(.text) refers to dcmi.o(.text) for dma_reconfigure
    communication.o(.text) refers to main.o(.text) for buffer_reset
    communication.o(.text) refers to debug.o(.text) for debug_string_message_buffer
    communication.o(.text) refers to gyro.o(.text) for l3gd20_config
    communication.o(.text) refers to communication.o(.data) for m_parameter_i
    communication.o(.text) refers to reset.o(.text) for systemreset
    dcmi.o(.text) refers to communication.o(.text) for mavlink_get_channel_status
    dcmi.o(.text) refers to rt_memclr.o(.text) for __aeabi_memclr
    dcmi.o(.text) refers to rt_memcpy_v6.o(.text) for __aeabi_memcpy
    dcmi.o(.text) refers to misc.o(.text) for NVIC_Init
    dcmi.o(.text) refers to stm32f4xx_dma.o(.text) for DMA_ITConfig
    dcmi.o(.text) refers to stm32f4xx_dcmi.o(.text) for DCMI_Cmd
    dcmi.o(.text) refers to stm32f4xx_rcc.o(.text) for RCC_AHB2PeriphClockCmd
    dcmi.o(.text) refers to stm32f4xx_gpio.o(.text) for GPIO_PinAFConfig
    dcmi.o(.text) refers to stm32f4xx_i2c.o(.text) for I2C_DeInit
    dcmi.o(.text) refers to communication.o(.bss) for mavlink_system
    dcmi.o(.text) refers to dcmi.o(.data) for frame_counter
    dcmi.o(.text) refers to dcmi.o(.bss) for dcmi_image_buffer_8bit_1
    dcmi.o(.text) refers to settings.o(.bss) for global_data
    dcmi.o(.text) refers to stm32f4xx_tim.o(.text) for TIM_TimeBaseInit
    dcmi.o(.text) refers to mt9v034.o(.text) for mt9v034_context_configuration
    dcmi.o(.text) refers to main.o(.text) for get_boot_time_us
    debug.o(.text) refers to communication.o(.text) for mavlink_get_channel_status
    debug.o(.text) refers to rt_memclr.o(.text) for __aeabi_memclr
    debug.o(.text) refers to rt_memcpy_v6.o(.text) for __aeabi_memcpy
    debug.o(.text) refers to rt_memclr_w.o(.text) for __aeabi_memclr4
    debug.o(.text) refers to strncpy.o(.text) for strncpy
    debug.o(.text) refers to strncat.o(.text) for strncat
    debug.o(.text) refers to utils.o(.text) for ftoa
    debug.o(.text) refers to strlen.o(.text) for strlen
    debug.o(.text) refers to communication.o(.bss) for mavlink_system
    debug.o(.text) refers to debug.o(.data) for m_debug_index_read
    debug.o(.text) refers to debug.o(.bss) for m_debug_buf_pointer
    debug.o(.text) refers to settings.o(.bss) for global_data
    flow.o(.text) refers to h1_alloc.o(.text) for malloc
    flow.o(.text) refers to settings.o(.bss) for global_data
    flow.o(.text) refers to dcmi.o(.text) for get_time_between_images
    flow.o(.text) refers to h1_free.o(.text) for free
    gyro.o(.text) refers to stm32f4xx_spi.o(.text) for SPI_I2S_GetFlagStatus
    gyro.o(.text) refers to stm32f4xx_gpio.o(.text) for GPIO_ResetBits
    gyro.o(.text) refers to stm32f4xx_rcc.o(.text) for RCC_APB1PeriphClockCmd
    gyro.o(.text) refers to settings.o(.bss) for global_data
    gyro.o(.text) refers to gyro.o(.data) for sensor_range
    i2c.o(.text) refers to stm32f4xx_gpio.o(.text) for GPIO_ReadInputData
    i2c.o(.text) refers to stm32f4xx_i2c.o(.text) for I2C_DeInit
    i2c.o(.text) refers to stm32f4xx_rcc.o(.text) for RCC_APB1PeriphClockCmd
    i2c.o(.text) refers to misc.o(.text) for NVIC_Init
    i2c.o(.text) refers to gyro.o(.text) for getGyroScalingFactor
    i2c.o(.text) refers to main.o(.text) for get_boot_time_us
    i2c.o(.text) refers to sonar.o(.text) for get_sonar_measure_time
    i2c.o(.text) refers to i2c.o(.data) for offset
    i2c.o(.text) refers to i2c.o(.bss) for txDataFrame1
    i2c.o(.text) refers to rt_memcpy_v6.o(.text) for __aeabi_memcpy
    i2c.o(.text) refers to settings.o(.bss) for global_data
    led.o(.text) refers to stm32f4xx_rcc.o(.text) for RCC_AHB1PeriphClockCmd
    led.o(.text) refers to stm32f4xx_gpio.o(.text) for GPIO_Init
    led.o(.text) refers to led.o(.constdata) for LED_GPIO_CLKS
    led.o(.text) refers to led.o(.data) for LED_GPIO_PORTS
    main.o(.text) refers to communication.o(.text) for mavlink_get_channel_status
[...]
    handle_mavlink_message                   0x08000775   Thumb Code  1224  communication.o(.text)
    communication_receive                    0x08000c3d   Thumb Code    56  communication.o(.text)
    communication_receive_forward            0x08000c75   Thumb Code    56  communication.o(.text)
    communication_receive_usb                0x08000cad   Thumb Code    52  communication.o(.text)
    dma_it_init                              0x08000e4d   Thumb Code    54  dcmi.o(.text)
    dcmi_dma_enable                          0x08000e83   Thumb Code    28  dcmi.o(.text)
    reset_frame_counter                      0x08000e9f   Thumb Code     8  dcmi.o(.text)
    dcmi_dma_init                            0x08000ea7   Thumb Code   168  dcmi.o(.text)
    dcmi_hw_init                             0x08000f4f   Thumb Code   442  dcmi.o(.text)
    dcmi_clock_init                          0x08001109   Thumb Code   210  dcmi.o(.text)
    enable_image_capture                     0x080011db   Thumb Code    48  dcmi.o(.text)
    dcmi_dma_disable                         0x0800120b   Thumb Code    24  dcmi.o(.text)
    dma_reconfigure                          0x08001223   Thumb Code    66  dcmi.o(.text)
    dcmi_restart_calibration_routine         0x08001265   Thumb Code    24  dcmi.o(.text)
    DCMI_IRQHandler                          0x0800127d   Thumb Code    18  dcmi.o(.text)
    dma_swap_buffers                         0x0800128f   Thumb Code   212  dcmi.o(.text)
    DMA2_Stream1_IRQHandler                  0x08001363   Thumb Code   120  dcmi.o(.text)
    get_time_between_images                  0x080013db   Thumb Code     6  dcmi.o(.text)
    get_frame_counter                        0x080013e1   Thumb Code     6  dcmi.o(.text)
    dma_copy_image_buffers                   0x080013e7   Thumb Code   118  dcmi.o(.text)
    send_calibration_image                   0x0800145d   Thumb Code   694  dcmi.o(.text)
    dcmi_it_init                             0x08001713   Thumb Code    42  dcmi.o(.text)
    debug_string_message_buffer              0x080018ff   Thumb Code    30  debug.o(.text)
    debug_int_message_buffer                 0x0800191d   Thumb Code    40  debug.o(.text)
    debug_float_message_buffer               0x08001945   Thumb Code    56  debug.o(.text)
    debug_message_send_one                   0x0800197d   Thumb Code   304  debug.o(.text)
    compute_flow                             0x080022e3   Thumb Code  2148  flow.o(.text)
    l3gd20_SendHalfWord                      0x08002b59   Thumb Code    68  gyro.o(.text)
    l3gd20_config                            0x08002b9d   Thumb Code   188  gyro.o(.text)
    spi_config                               0x08002c59   Thumb Code   236  gyro.o(.text)
    gyro_config                              0x08002d45   Thumb Code    12  gyro.o(.text)
    gyro_read                                0x08002d51   Thumb Code   346  gyro.o(.text)
    l3gd20_SendByte                          0x08002eab   Thumb Code    60  gyro.o(.text)
    l3gd20_ReadByte                          0x08002ee7   Thumb Code    10  gyro.o(.text)
    l3gd20_WriteEnable                       0x08002ef1   Thumb Code    30  gyro.o(.text)
    l3gd20_WaitForWriteEnd                   0x08002f0f   Thumb Code   118  gyro.o(.text)
    getGyroRange                             0x08002f85   Thumb Code     6  gyro.o(.text)
    getGyroScalingFactor                     0x08002f8b   Thumb Code    24  gyro.o(.text)
    readI2CAddressOffset                     0x08002fad   Thumb Code    78  i2c.o(.text)
    i2c_get_ownaddress1                      0x08002ffb   Thumb Code    14  i2c.o(.text)
    i2c_init                                 0x08003009   Thumb Code   290  i2c.o(.text)
    I2C1_EV_IRQHandler                       0x0800312b   Thumb Code   332  i2c.o(.text)
    I2C1_ER_IRQHandler                       0x08003277   Thumb Code    32  i2c.o(.text)
    update_TX_buffer                         0x08003297   Thumb Code  1014  i2c.o(.text)
    LEDInit                                  0x080036e9   Thumb Code    62  led.o(.text)
    LEDOn                                    0x08003727   Thumb Code    22  led.o(.text)
    LEDOff                                   0x0800373d   Thumb Code    22  led.o(.text)
    LEDToggle                                0x08003753   Thumb Code    22  led.o(.text)
    timer_update_ms                          0x0800395f   Thumb Code   188  main.o(.text)
    timer_update                             0x08003a1b   Thumb Code    40  main.o(.text)
    get_boot_time_ms                         0x08003a43   Thumb Code     6  main.o(.text)
    get_boot_time_us                         0x08003a49   Thumb Code    12  main.o(.text)
    delay                                    0x08003a55   Thumb Code    16  main.o(.text)
    buffer_reset                             0x08003a65   Thumb Code     8  main.o(.text)
    main                                     0x08003a6d   Thumb Code  3558  main.o(.text)
    mt9v034_WriteReg                         0x080048b1   Thumb Code   178  mt9v034.o(.text)
    mt9v034_WriteReg16                       0x08004963   Thumb Code    30  mt9v034.o(.text)
    mt9v034_ReadReg                          0x08004981   Thumb Code   282  mt9v034.o(.text)
    mt9v034_ReadReg16                        0x08004a9b   Thumb Code    24  mt9v034.o(.text)
    mt9v034_context_configuration            0x08004ab3   Thumb Code   764  mt9v034.o(.text)
    mt9v034_set_context                      0x08004daf   Thumb Code    38  mt9v034.o(.text)
    modifyreg32                              0x08004dd9   Thumb Code    14  reset.o(.text)
    stm32_pwr_enablebkp                      0x08004de7   Thumb Code    16  reset.o(.text)
    up_systemreset                           0x08004df7   Thumb Code    24  reset.o(.text)
    systemreset                              0x08004e0f   Thumb Code    18  reset.o(.text)
    global_data_reset_param_defaults         0x08004e35   Thumb Code   982  settings.o(.text)
    global_data_reset                        0x0800520b   Thumb Code     2  settings.o(.text)
    set_sensor_position_settings             0x0800520d   Thumb Code   668  settings.o(.text)
    sonar_trigger                            0x080054d9   Thumb Code    14  sonar.o(.text)
    UART4_IRQHandler                         0x080054e7   Thumb Code   320  sonar.o(.text)
    sonar_filter                             0x08005627   Thumb Code   146  sonar.o(.text)
    sonar_read                               0x080056b9   Thumb Code   122  sonar.o(.text)
    sonar_config                             0x08005733   Thumb Code   206  sonar.o(.text)
    get_sonar_measure_time                   0x08005801   Thumb Code     6  sonar.o(.text)
    get_sonar_measure_time_interrupt         0x08005807   Thumb Code     6  sonar.o(.text)
    insert_sonar_value_and_get_mode_value    0x080058d9   Thumb Code    84  sonar_mode_filter.o(.text)
    usart2_tx_ringbuffer_push                0x08005935   Thumb Code   124  usart.o(.text)
    usart3_tx_ringbuffer_push                0x080059b1   Thumb Code   124  usart.o(.text)
    usart2_char_available                    0x08005a2d   Thumb Code    20  usart.o(.text)
    usart3_char_available                    0x08005a41   Thumb Code    20  usart.o(.text)
    usart2_rx_ringbuffer_pop                 0x08005a55   Thumb Code    60  usart.o(.text)
    usart3_rx_ringbuffer_pop                 0x08005a91   Thumb Code    60  usart.o(.text)
    usart2_rx_ringbuffer_push_from_usart     0x08005acd   Thumb Code    54  usart.o(.text)
    usart3_rx_ringbuffer_push_from_usart     0x08005b03   Thumb Code    54  usart.o(.text)
    usart2_tx_ringbuffer_pop_to_usart        0x08005b39   Thumb Code    58  usart.o(.text)
    usart3_tx_ringbuffer_pop_to_usart        0x08005b73   Thumb Code    58  usart.o(.text)
    USART2_IRQHandler                        0x08005bad   Thumb Code    70  usart.o(.text)
    USART3_IRQHandler                        0x08005bf3   Thumb Code    70  usart.o(.text)
    usart_init                               0x08005c39   Thumb Code   388  usart.o(.text)
    USB_OTG_BSP_Init                         0x08005dc5   Thumb Code   146  usb_bsp.o(.text)
    USB_OTG_BSP_EnableInterrupt              0x08005e57   Thumb Code    44  usb_bsp.o(.text)
    USB_OTG_BSP_uDelay                       0x08005e83   Thumb Code    30  usb_bsp.o(.text)
    USB_OTG_BSP_mDelay                       0x08005ea1   Thumb Code    18  usb_bsp.o(.text)
    VCP_put_char                             0x08005f6b   Thumb Code    12  usbd_cdc_vcp.o(.text)
    VCP_send_str                             0x08005f77   Thumb Code    26  usbd_cdc_vcp.o(.text)
    VCP_get_char                             0x08005fd5   Thumb Code    54  usbd_cdc_vcp.o(.text)
    VCP_get_string                           0x0800600b   Thumb Code   216  usbd_cdc_vcp.o(.text)
    USBD_USR_DeviceDescriptor                0x080060fd   Thumb Code    10  usbd_desc.o(.text)
    USBD_USR_LangIDStrDescriptor             0x08006107   Thumb Code    10  usbd_desc.o(.text)
    USBD_USR_ProductStrDescriptor            0x08006111   Thumb Code    34  usbd_desc.o(.text)
    USBD_USR_ManufacturerStrDescriptor       0x08006133   Thumb Code    20  usbd_desc.o(.text)
    USBD_USR_SerialStrDescriptor             0x08006147   Thumb Code    34  usbd_desc.o(.text)
    USBD_USR_ConfigStrDescriptor             0x08006169   Thumb Code    34  usbd_desc.o(.text)
    USBD_USR_InterfaceStrDescriptor          0x0800618b   Thumb Code    34  usbd_desc.o(.text)
    USBD_USR_Init                            0x08006201   Thumb Code     2  usbd_usr.o(.text)
    USBD_USR_DeviceReset                     0x08006203   Thumb Code     2  usbd_usr.o(.text)
    USBD_USR_DeviceConfigured                0x08006205   Thumb Code     2  usbd_usr.o(.text)
    USBD_USR_DeviceSuspended                 0x08006207   Thumb Code     2  usbd_usr.o(.text)
    USBD_USR_DeviceResumed                   0x08006209   Thumb Code     2  usbd_usr.o(.text)
    USBD_USR_DeviceConnected                 0x0800620b   Thumb Code     2  usbd_usr.o(.text)
    USBD_USR_DeviceDisconnected              0x0800620d   Thumb Code     2  usbd_usr.o(.text)
    ltoa                                     0x08006211   Thumb Code    96  utils.o(.text)
    ftoa                                     0x08006271   Thumb Code   294  utils.o(.text)
    itoa                                     0x08006397   Thumb Code    96  utils.o(.text)
    NMI_Handler                              0x08006409   Thumb Code     2  stm32f4xx_it.o(.text)
    HardFault_Handler                        0x0800640b   Thumb Code     4  stm32f4xx_it.o(.text)
    MemManage_Handler                        0x0800640f   Thumb Code     4  stm32f4xx_it.o(.text)
    BusFault_Handler                         0x08006413   Thumb Code     4  stm32f4xx_it.o(.text)
    UsageFault_Handler                       0x08006417   Thumb Code     4  stm32f4xx_it.o(.text)
    SVC_Handler                              0x0800641b   Thumb Code     2  stm32f4xx_it.o(.text)
    DebugMon_Handler                         0x0800641d   Thumb Code     2  stm32f4xx_it.o(.text)
    PendSV_Handler                           0x0800641f   Thumb Code     2  stm32f4xx_it.o(.text)
    SysTick_Handler                          0x08006421   Thumb Code     8  stm32f4xx_it.o(.text)
    OTG_FS_IRQHandler                        0x08006429   Thumb Code    10  stm32f4xx_it.o(.text)
    SystemInit                               0x08006515   Thumb Code    86  system_stm32f4xx.o(.text)
    SystemCoreClockUpdate                    0x0800656b   Thumb Code   174  system_stm32f4xx.o(.text)
    Reset_Handler                            0x08006649   Thumb Code     8  startup_stm32f4xx.o(.text)
    ADC_IRQHandler                           0x08006663   Thumb Code     0  startup_stm32f4xx.o(.text)
    CAN1_RX0_IRQHandler                      0x08006663   Thumb Code     0  startup_stm32f4xx.o(.text)
    CAN1_RX1_IRQHandler                      0x08006663   Thumb Code     0  startup_stm32f4xx.o(.text)
    CAN1_SCE_IRQHandler                      0x08006663   Thumb Code     0  startup_stm32f4xx.o(.text)
    CAN1_TX_IRQHandler                       0x08006663   Thumb Code     0  startup_stm32f4xx.o(.text)
    CAN2_RX0_IRQHandler                      0x08006663   Thumb Code     0  startup_stm32f4xx.o(.text)
    CAN2_RX1_IRQHandler                      0x08006663   Thumb Code     0  startup_stm32f4xx.o(.text)
    CAN2_SCE_IRQHandler                      0x08006663   Thumb Code     0  startup_stm32f4xx.o(.text)
    CAN2_TX_IRQHandler                       0x08006663   Thumb Code     0  startup_stm32f4xx.o(.text)
    CRYP_IRQHandler                          0x08006663   Thumb Code     0  startup_stm32f4xx.o(.text)
    DMA1_Stream0_IRQHandler                  0x08006663   Thumb Code     0  startup_stm32f4xx.o(.text)
    DMA1_Stream1_IRQHandler                  0x08006663   Thumb Code     0  startup_stm32f4xx.o(.text)
    DMA1_Stream2_IRQHandler                  0x08006663   Thumb Code     0  startup_stm32f4xx.o(.text)
    DMA1_Stream3_IRQHandler                  0x08006663   Thumb Code     0  startup_stm32f4xx.o(.text)
    DMA1_Stream4_IRQHandler                  0x08006663   Thumb Code     0  startup_stm32f4xx.o(.text)
    DMA1_Stream5_IRQHandler                  0x08006663   Thumb Code     0  startup_stm32f4xx.o(.text)
    DMA1_Stream6_IRQHandler                  0x08006663   Thumb Code     0  startup_stm32f4xx.o(.text)
    DMA1_Stream7_IRQHandler                  0x08006663   Thumb Code     0  startup_stm32f4xx.o(.text)
    DMA2_Stream0_IRQHandler                  0x08006663   Thumb Code     0  startup_stm32f4xx.o(.text)
    DMA2_Stream2_IRQHandler                  0x08006663   Thumb Code     0  startup_stm32f4xx.o(.text)
    DMA2_Stream3_IRQHandler                  0x08006663   Thumb Code     0  startup_stm32f4xx.o(.text)
    DMA2_Stream4_IRQHandler                  0x08006663   Thumb Code     0  startup_stm32f4xx.o(.text)
    DMA2_Stream5_IRQHandler                  0x08006663   Thumb Code     0  startup_stm32f4xx.o(.text)
    DMA2_Stream6_IRQHandler                  0x08006663   Thumb Code     0  startup_stm32f4xx.o(.text)
    DMA2_Stream7_IRQHandler                  0x08006663   Thumb Code     0  startup_stm32f4xx.o(.text)
    ETH_IRQHandler                           0x08006663   Thumb Code     0  startup_stm32f4xx.o(.text)
    ETH_WKUP_IRQHandler                      0x08006663   Thumb Code     0  startup_stm32f4xx.o(.text)
    EXTI0_IRQHandler                         0x08006663   Thumb Code     0  startup_stm32f4xx.o(.text)
    EXTI15_10_IRQHandler                     0x08006663   Thumb Code     0  startup_stm32f4xx.o(.text)
    EXTI1_IRQHandler                         0x08006663   Thumb Code     0  startup_stm32f4xx.o(.text)
    EXTI2_IRQHandler                         0x08006663   Thumb Code     0  startup_stm32f4xx.o(.text)
    EXTI3_IRQHandler                         0x08006663   Thumb Code     0  startup_stm32f4xx.o(.text)
    EXTI4_IRQHandler                         0x08006663   Thumb Code     0  startup_stm32f4xx.o(.text)
    EXTI9_5_IRQHandler                       0x08006663   Thumb Code     0  startup_stm32f4xx.o(.text)
    FLASH_IRQHandler                         0x08006663   Thumb Code     0  startup_stm32f4xx.o(.text)
    FPU_IRQHandler                           0x08006663   Thumb Code     0  startup_stm32f4xx.o(.text)
    FSMC_IRQHandler                          0x08006663   Thumb Code     0  startup_stm32f4xx.o(.text)
    HASH_RNG_IRQHandler                      0x08006663   Thumb Code     0  startup_stm32f4xx.o(.text)
    I2C2_ER_IRQHandler                       0x08006663   Thumb Code     0  startup_stm32f4xx.o(.text)
    I2C2_EV_IRQHandler                       0x08006663   Thumb Code     0  startup_stm32f4xx.o(.text)
    I2C3_ER_IRQHandler                       0x08006663   Thumb Code     0  startup_stm32f4xx.o(.text)
    I2C3_EV_IRQHandler                       0x08006663   Thumb Code     0  startup_stm32f4xx.o(.text)
    OTG_FS_WKUP_IRQHandler                   0x08006663   Thumb Code     0  startup_stm32f4xx.o(.text)
    OTG_HS_EP1_IN_IRQHandler                 0x08006663   Thumb Code     0  startup_stm32f4xx.o(.text)
    OTG_HS_EP1_OUT_IRQHandler                0x08006663   Thumb Code     0  startup_stm32f4xx.o(.text)
    OTG_HS_IRQHandler                        0x08006663   Thumb Code     0  startup_stm32f4xx.o(.text)
    OTG_HS_WKUP_IRQHandler                   0x08006663   Thumb Code     0  startup_stm32f4xx.o(.text)
    PVD_IRQHandler                           0x08006663   Thumb Code     0  startup_stm32f4xx.o(.text)
    RCC_IRQHandler                           0x08006663   Thumb Code     0  startup_stm32f4xx.o(.text)
    RTC_Alarm_IRQHandler                     0x08006663   Thumb Code     0  startup_stm32f4xx.o(.text)
    RTC_WKUP_IRQHandler                      0x08006663   Thumb Code     0  startup_stm32f4xx.o(.text)
    SDIO_IRQHandler                          0x08006663   Thumb Code     0  startup_stm32f4xx.o(.text)
    SPI1_IRQHandler                          0x08006663   Thumb Code     0  startup_stm32f4xx.o(.text)
    SPI2_IRQHandler                          0x08006663   Thumb Code     0  startup_stm32f4xx.o(.text)
    SPI3_IRQHandler                          0x08006663   Thumb Code     0  startup_stm32f4xx.o(.text)
    TAMP_STAMP_IRQHandler                    0x08006663   Thumb Code     0  startup_stm32f4xx.o(.text)
    TIM1_BRK_TIM9_IRQHandler                 0x08006663   Thumb Code     0  startup_stm32f4xx.o(.text)
    TIM1_CC_IRQHandler                       0x08006663   Thumb Code     0  startup_stm32f4xx.o(.text)
    TIM1_TRG_COM_TIM11_IRQHandler            0x08006663   Thumb Code     0  startup_stm32f4xx.o(.text)
    TIM1_UP_TIM10_IRQHandler                 0x08006663   Thumb Code     0  startup_stm32f4xx.o(.text)
    TIM2_IRQHandler                          0x08006663   Thumb Code     0  startup_stm32f4xx.o(.text)
    TIM3_IRQHandler                          0x08006663   Thumb Code     0  startup_stm32f4xx.o(.text)
    TIM4_IRQHandler                          0x08006663   Thumb Code     0  startup_stm32f4xx.o(.text)
    TIM5_IRQHandler                          0x08006663   Thumb Code     0  startup_stm32f4xx.o(.text)
    TIM6_DAC_IRQHandler                      0x08006663   Thumb Code     0  startup_stm32f4xx.o(.text)
    TIM7_IRQHandler                          0x08006663   Thumb Code     0  startup_stm32f4xx.o(.text)
    TIM8_BRK_TIM12_IRQHandler                0x08006663   Thumb Code     0  startup_stm32f4xx.o(.text)
    TIM8_CC_IRQHandler                       0x08006663   Thumb Code     0  startup_stm32f4xx.o(.text)
    TIM8_TRG_COM_TIM14_IRQHandler            0x08006663   Thumb Code     0  startup_stm32f4xx.o(.text)
    TIM8_UP_TIM13_IRQHandler                 0x08006663   Thumb Code     0  startup_stm32f4xx.o(.text)
    UART5_IRQHandler                         0x08006663   Thumb Code     0  startup_stm32f4xx.o(.text)
    USART1_IRQHandler                        0x08006663   Thumb Code     0  startup_stm32f4xx.o(.text)
    USART6_IRQHandler                        0x08006663   Thumb Code     0  startup_stm32f4xx.o(.text)
    WWDG_IRQHandler                          0x08006663   Thumb Code     0  startup_stm32f4xx.o(.text)
    __user_initial_stackheap                 0x08006665   Thumb Code     0  startup_stm32f4xx.o(.text)
    NVIC_PriorityGroupConfig                 0x08006689   Thumb Code    10  misc.o(.text)
    NVIC_Init                                0x08006693   Thumb Code   106  misc.o(.text)
    NVIC_SetVectorTable                      0x080066fd   Thumb Code    14  misc.o(.text)
    NVIC_SystemLPConfig                      0x0800670b   Thumb Code    34  misc.o(.text)
    SysTick_CLKSourceConfig                  0x0800672d   Thumb Code    40  misc.o(.text)
    DCMI_DeInit                              0x08006769   Thumb Code    24  stm32f4xx_dcmi.o(.text)
    DCMI_Init                                0x08006781   Thumb Code    60  stm32f4xx_dcmi.o(.text)
    DCMI_StructInit                          0x080067bd   Thumb Code    18  stm32f4xx_dcmi.o(.text)
    DCMI_CROPConfig                          0x080067cf   Thumb Code    26  stm32f4xx_dcmi.o(.text)
    DCMI_CROPCmd                             0x080067e9   Thumb Code    30  stm32f4xx_dcmi.o(.text)
    DCMI_SetEmbeddedSynchroCodes             0x08006807   Thumb Code    26  stm32f4xx_dcmi.o(.text)
    DCMI_JPEGCmd                             0x08006821   Thumb Code    30  stm32f4xx_dcmi.o(.text)
    DCMI_Cmd                                 0x0800683f   Thumb Code    30  stm32f4xx_dcmi.o(.text)
    DCMI_CaptureCmd                          0x0800685d   Thumb Code    30  stm32f4xx_dcmi.o(.text)
    DCMI_ReadData                            0x0800687b   Thumb Code     6  stm32f4xx_dcmi.o(.text)
    DCMI_ITConfig                            0x08006881   Thumb Code    30  stm32f4xx_dcmi.o(.text)
    DCMI_GetFlagStatus                       0x0800689f   Thumb Code    46  stm32f4xx_dcmi.o(.text)
    DCMI_ClearFlag                           0x080068cd   Thumb Code     6  stm32f4xx_dcmi.o(.text)
    DCMI_GetITStatus                         0x080068d3   Thumb Code    24  stm32f4xx_dcmi.o(.text)
    DCMI_ClearITPendingBit                   0x080068eb   Thumb Code     6  stm32f4xx_dcmi.o(.text)
    DMA_DeInit                               0x080068f5   Thumb Code   324  stm32f4xx_dma.o(.text)
    DMA_Init                                 0x08006a39   Thumb Code    82  stm32f4xx_dma.o(.text)
    DMA_StructInit                           0x08006a8b   Thumb Code    34  stm32f4xx_dma.o(.text)
    DMA_Cmd                                  0x08006aad   Thumb Code    22  stm32f4xx_dma.o(.text)
    DMA_PeriphIncOffsetSizeConfig            0x08006ac3   Thumb Code    22  stm32f4xx_dma.o(.text)
    DMA_FlowControllerConfig                 0x08006ad9   Thumb Code    22  stm32f4xx_dma.o(.text)
    DMA_SetCurrDataCounter                   0x08006aef   Thumb Code     4  stm32f4xx_dma.o(.text)
    DMA_GetCurrDataCounter                   0x08006af3   Thumb Code     8  stm32f4xx_dma.o(.text)
    DMA_DoubleBufferModeConfig               0x08006afb   Thumb Code    24  stm32f4xx_dma.o(.text)
    DMA_DoubleBufferModeCmd                  0x08006b13   Thumb Code    22  stm32f4xx_dma.o(.text)
    DMA_MemoryTargetConfig                   0x08006b29   Thumb Code    10  stm32f4xx_dma.o(.text)
    DMA_GetCurrentMemoryTarget               0x08006b33   Thumb Code    20  stm32f4xx_dma.o(.text)
    DMA_GetCmdStatus                         0x08006b47   Thumb Code    20  stm32f4xx_dma.o(.text)
    DMA_GetFIFOStatus                        0x08006b5b   Thumb Code    12  stm32f4xx_dma.o(.text)
    DMA_GetFlagStatus                        0x08006b67   Thumb Code    56  stm32f4xx_dma.o(.text)
    DMA_ClearFlag                            0x08006b9f   Thumb Code    40  stm32f4xx_dma.o(.text)
    DMA_ITConfig                             0x08006bc7   Thumb Code    58  stm32f4xx_dma.o(.text)
    DMA_GetITStatus                          0x08006c01   Thumb Code    84  stm32f4xx_dma.o(.text)
    DMA_ClearITPendingBit                    0x08006c55   Thumb Code    40  stm32f4xx_dma.o(.text)
    GPIO_DeInit                              0x08006c9d   Thumb Code   220  stm32f4xx_gpio.o(.text)
    GPIO_Init                                0x08006d79   Thumb Code   144  stm32f4xx_gpio.o(.text)
    GPIO_StructInit                          0x08006e09   Thumb Code    18  stm32f4xx_gpio.o(.text)
    GPIO_PinLockConfig                       0x08006e1b   Thumb Code    34  stm32f4xx_gpio.o(.text)
    GPIO_ReadInputDataBit                    0x08006e3d   Thumb Code    18  stm32f4xx_gpio.o(.text)
    GPIO_ReadInputData                       0x08006e4f   Thumb Code     8  stm32f4xx_gpio.o(.text)
    GPIO_ReadOutputDataBit                   0x08006e57   Thumb Code    18  stm32f4xx_gpio.o(.text)
    GPIO_ReadOutputData                      0x08006e69   Thumb Code     8  stm32f4xx_gpio.o(.text)
    GPIO_SetBits                             0x08006e71   Thumb Code     4  stm32f4xx_gpio.o(.text)
    GPIO_ResetBits                           0x08006e75   Thumb Code     4  stm32f4xx_gpio.o(.text)
    GPIO_WriteBit                            0x08006e79   Thumb Code    10  stm32f4xx_gpio.o(.text)
    GPIO_Write                               0x08006e83   Thumb Code     4  stm32f4xx_gpio.o(.text)
    GPIO_ToggleBits                          0x08006e87   Thumb Code     8  stm32f4xx_gpio.o(.text)
    GPIO_PinAFConfig                         0x08006e8f   Thumb Code    70  stm32f4xx_gpio.o(.text)
    I2C_DeInit                               0x08006ef9   Thumb Code    82  stm32f4xx_i2c.o(.text)
    I2C_Init                                 0x08006f4b   Thumb Code   218  stm32f4xx_i2c.o(.text)
    I2C_StructInit                           0x08007025   Thumb Code    30  stm32f4xx_i2c.o(.text)
    I2C_Cmd                                  0x08007043   Thumb Code    24  stm32f4xx_i2c.o(.text)
    I2C_GenerateSTART                        0x0800705b   Thumb Code    24  stm32f4xx_i2c.o(.text)
    I2C_GenerateSTOP                         0x08007073   Thumb Code    24  stm32f4xx_i2c.o(.text)
    I2C_Send7bitAddress                      0x0800708b   Thumb Code    16  stm32f4xx_i2c.o(.text)
    I2C_AcknowledgeConfig                    0x0800709b   Thumb Code    24  stm32f4xx_i2c.o(.text)
    I2C_OwnAddress2Config                    0x080070b3   Thumb Code    22  stm32f4xx_i2c.o(.text)
    I2C_DualAddressCmd                       0x080070c9   Thumb Code    24  stm32f4xx_i2c.o(.text)
    I2C_GeneralCallCmd                       0x080070e1   Thumb Code    24  stm32f4xx_i2c.o(.text)
    I2C_SoftwareResetCmd                     0x080070f9   Thumb Code    22  stm32f4xx_i2c.o(.text)
    I2C_StretchClockCmd                      0x0800710f   Thumb Code    24  stm32f4xx_i2c.o(.text)
    I2C_FastModeDutyCycleConfig              0x08007127   Thumb Code    28  stm32f4xx_i2c.o(.text)
    I2C_NACKPositionConfig                   0x08007143   Thumb Code    28  stm32f4xx_i2c.o(.text)
    I2C_SMBusAlertConfig                     0x0800715f   Thumb Code    28  stm32f4xx_i2c.o(.text)
    I2C_ARPCmd                               0x0800717b   Thumb Code    24  stm32f4xx_i2c.o(.text)
    I2C_SendData                             0x08007193   Thumb Code     4  stm32f4xx_i2c.o(.text)
    I2C_ReceiveData                          0x08007197   Thumb Code     8  stm32f4xx_i2c.o(.text)
    I2C_TransmitPEC                          0x0800719f   Thumb Code    24  stm32f4xx_i2c.o(.text)
    I2C_PECPositionConfig                    0x080071b7   Thumb Code    28  stm32f4xx_i2c.o(.text)
    I2C_CalculatePEC                         0x080071d3   Thumb Code    24  stm32f4xx_i2c.o(.text)
    I2C_GetPEC                               0x080071eb   Thumb Code     8  stm32f4xx_i2c.o(.text)
    I2C_DMACmd                               0x080071f3   Thumb Code    24  stm32f4xx_i2c.o(.text)
    I2C_DMALastTransferCmd                   0x0800720b   Thumb Code    24  stm32f4xx_i2c.o(.text)
    I2C_ReadRegister                         0x08007223   Thumb Code    22  stm32f4xx_i2c.o(.text)
    I2C_ITConfig                             0x08007239   Thumb Code    18  stm32f4xx_i2c.o(.text)
    I2C_CheckEvent                           0x0800724b   Thumb Code    42  stm32f4xx_i2c.o(.text)
    I2C_GetLastEvent                         0x08007275   Thumb Code    26  stm32f4xx_i2c.o(.text)
    I2C_GetFlagStatus                        0x0800728f   Thumb Code    58  stm32f4xx_i2c.o(.text)
    I2C_ClearFlag                            0x080072c9   Thumb Code    12  stm32f4xx_i2c.o(.text)
    I2C_GetITStatus                          0x080072d5   Thumb Code    64  stm32f4xx_i2c.o(.text)
    I2C_ClearITPendingBit                    0x08007315   Thumb Code    12  stm32f4xx_i2c.o(.text)
    RCC_DeInit                               0x08007321   Thumb Code    60  stm32f4xx_rcc.o(.text)
    RCC_HSEConfig                            0x0800735d   Thumb Code    14  stm32f4xx_rcc.o(.text)
    RCC_GetFlagStatus                        0x0800736b   Thumb Code    60  stm32f4xx_rcc.o(.text)
    RCC_WaitForHSEStartUp                    0x080073a7   Thumb Code    56  stm32f4xx_rcc.o(.text)
    RCC_AdjustHSICalibrationValue            0x080073df   Thumb Code    20  stm32f4xx_rcc.o(.text)
    RCC_HSICmd                               0x080073f3   Thumb Code     6  stm32f4xx_rcc.o(.text)
    RCC_LSEConfig                            0x080073f9   Thumb Code    46  stm32f4xx_rcc.o(.text)
    RCC_LSICmd                               0x08007427   Thumb Code     6  stm32f4xx_rcc.o(.text)
    RCC_PLLConfig                            0x0800742d   Thumb Code    32  stm32f4xx_rcc.o(.text)
    RCC_PLLCmd                               0x0800744d   Thumb Code     6  stm32f4xx_rcc.o(.text)
    RCC_PLLI2SConfig                         0x08007453   Thumb Code    14  stm32f4xx_rcc.o(.text)
    RCC_PLLI2SCmd                            0x08007461   Thumb Code     6  stm32f4xx_rcc.o(.text)
    RCC_ClockSecuritySystemCmd               0x08007467   Thumb Code     6  stm32f4xx_rcc.o(.text)
    RCC_MCO1Config                           0x0800746d   Thumb Code    28  stm32f4xx_rcc.o(.text)
    RCC_MCO2Config                           0x08007489   Thumb Code    28  stm32f4xx_rcc.o(.text)
    RCC_SYSCLKConfig                         0x080074a5   Thumb Code    20  stm32f4xx_rcc.o(.text)
    RCC_GetSYSCLKSource                      0x080074b9   Thumb Code    12  stm32f4xx_rcc.o(.text)
    RCC_HCLKConfig                           0x080074c5   Thumb Code    20  stm32f4xx_rcc.o(.text)
    RCC_PCLK1Config                          0x080074d9   Thumb Code    20  stm32f4xx_rcc.o(.text)
    RCC_PCLK2Config                          0x080074ed   Thumb Code    22  stm32f4xx_rcc.o(.text)
    RCC_GetClocksFreq                        0x08007503   Thumb Code   222  stm32f4xx_rcc.o(.text)
    RCC_RTCCLKConfig                         0x080075e1   Thumb Code    54  stm32f4xx_rcc.o(.text)
    RCC_RTCCLKCmd                            0x08007617   Thumb Code     8  stm32f4xx_rcc.o(.text)
    RCC_BackupResetCmd                       0x0800761f   Thumb Code     8  stm32f4xx_rcc.o(.text)
    RCC_I2SCLKConfig                         0x08007627   Thumb Code     6  stm32f4xx_rcc.o(.text)
    RCC_AHB1PeriphClockCmd                   0x0800762d   Thumb Code    34  stm32f4xx_rcc.o(.text)
    RCC_AHB2PeriphClockCmd                   0x0800764f   Thumb Code    34  stm32f4xx_rcc.o(.text)
    RCC_AHB3PeriphClockCmd                   0x08007671   Thumb Code    34  stm32f4xx_rcc.o(.text)
    RCC_APB1PeriphClockCmd                   0x08007693   Thumb Code    34  stm32f4xx_rcc.o(.text)
    RCC_APB2PeriphClockCmd                   0x080076b5   Thumb Code    34  stm32f4xx_rcc.o(.text)
    RCC_AHB1PeriphResetCmd                   0x080076d7   Thumb Code    34  stm32f4xx_rcc.o(.text)
    RCC_AHB2PeriphResetCmd                   0x080076f9   Thumb Code    72  stm32f4xx_rcc.o(.text)
    RCC_AHB3PeriphResetCmd                   0x08007741   Thumb Code    34  stm32f4xx_rcc.o(.text)
    RCC_APB1PeriphResetCmd                   0x08007763   Thumb Code    34  stm32f4xx_rcc.o(.text)
    RCC_APB2PeriphResetCmd                   0x08007785   Thumb Code    34  stm32f4xx_rcc.o(.text)
    RCC_AHB1PeriphClockLPModeCmd             0x080077a7   Thumb Code    34  stm32f4xx_rcc.o(.text)
    RCC_AHB2PeriphClockLPModeCmd             0x080077c9   Thumb Code    34  stm32f4xx_rcc.o(.text)
    RCC_AHB3PeriphClockLPModeCmd             0x080077eb   Thumb Code    34  stm32f4xx_rcc.o(.text)
    RCC_APB1PeriphClockLPModeCmd             0x0800780d   Thumb Code    34  stm32f4xx_rcc.o(.text)
    RCC_APB2PeriphClockLPModeCmd             0x0800782f   Thumb Code    34  stm32f4xx_rcc.o(.text)
    RCC_ITConfig                             0x08007851   Thumb Code    34  stm32f4xx_rcc.o(.text)
    RCC_ClearFlag                            0x08007873   Thumb Code    18  stm32f4xx_rcc.o(.text)
    RCC_GetITStatus                          0x08007885   Thumb Code    22  stm32f4xx_rcc.o(.text)
    RCC_ClearITPendingBit                    0x0800789b   Thumb Code     8  stm32f4xx_rcc.o(.text)
    SPI_I2S_DeInit                           0x080078a9   Thumb Code    76  stm32f4xx_spi.o(.text)
    SPI_Init                                 0x080078f5   Thumb Code    60  stm32f4xx_spi.o(.text)
    I2S_Init                                 0x08007931   Thumb Code   350  stm32f4xx_spi.o(.text)
    SPI_StructInit                           0x08007a8f   Thumb Code    24  stm32f4xx_spi.o(.text)
    I2S_StructInit                           0x08007aa7   Thumb Code    20  stm32f4xx_spi.o(.text)
    SPI_Cmd                                  0x08007abb   Thumb Code    24  stm32f4xx_spi.o(.text)
    I2S_Cmd                                  0x08007ad3   Thumb Code    24  stm32f4xx_spi.o(.text)
    SPI_DataSizeConfig                       0x08007aeb   Thumb Code    18  stm32f4xx_spi.o(.text)
    SPI_BiDirectionalLineConfig              0x08007afd   Thumb Code    28  stm32f4xx_spi.o(.text)
    SPI_NSSInternalSoftwareConfig            0x08007b19   Thumb Code    30  stm32f4xx_spi.o(.text)
    SPI_SSOutputCmd                          0x08007b37   Thumb Code    24  stm32f4xx_spi.o(.text)
    SPI_TIModeCmd                            0x08007b4f   Thumb Code    24  stm32f4xx_spi.o(.text)
    I2S_FullDuplexConfig                     0x08007b67   Thumb Code    80  stm32f4xx_spi.o(.text)
    SPI_I2S_ReceiveData                      0x08007bb7   Thumb Code     6  stm32f4xx_spi.o(.text)
    SPI_I2S_SendData                         0x08007bbd   Thumb Code     4  stm32f4xx_spi.o(.text)
    SPI_CalculateCRC                         0x08007bc1   Thumb Code    24  stm32f4xx_spi.o(.text)
    SPI_TransmitCRC                          0x08007bd9   Thumb Code    10  stm32f4xx_spi.o(.text)
    SPI_GetCRC                               0x08007be3   Thumb Code    16  stm32f4xx_spi.o(.text)
    SPI_GetCRCPolynomial                     0x08007bf3   Thumb Code     6  stm32f4xx_spi.o(.text)
    SPI_I2S_DMACmd                           0x08007bf9   Thumb Code    18  stm32f4xx_spi.o(.text)
    SPI_I2S_ITConfig                         0x08007c0b   Thumb Code    32  stm32f4xx_spi.o(.text)
    SPI_I2S_GetFlagStatus                    0x08007c2b   Thumb Code    18  stm32f4xx_spi.o(.text)
    SPI_I2S_ClearFlag                        0x08007c3d   Thumb Code     6  stm32f4xx_spi.o(.text)
    SPI_I2S_GetITStatus                      0x08007c43   Thumb Code    52  stm32f4xx_spi.o(.text)
    SPI_I2S_ClearITPendingBit                0x08007c77   Thumb Code    42  stm32f4xx_spi.o(.text)
    TIM_DeInit                               0x08007ca1   Thumb Code   346  stm32f4xx_tim.o(.text)
    TIM_TimeBaseInit                         0x08007dfb   Thumb Code   104  stm32f4xx_tim.o(.text)
    TIM_TimeBaseStructInit                   0x08007e63   Thumb Code    18  stm32f4xx_tim.o(.text)
    TIM_PrescalerConfig                      0x08007e75   Thumb Code     6  stm32f4xx_tim.o(.text)
    TIM_CounterModeConfig                    0x08007e7b   Thumb Code    18  stm32f4xx_tim.o(.text)
    TIM_SetCounter                           0x08007e8d   Thumb Code     4  stm32f4xx_tim.o(.text)
    TIM_SetAutoreload                        0x08007e91   Thumb Code     4  stm32f4xx_tim.o(.text)
    TIM_GetCounter                           0x08007e95   Thumb Code     6  stm32f4xx_tim.o(.text)
    TIM_GetPrescaler                         0x08007e9b   Thumb Code     6  stm32f4xx_tim.o(.text)
    TIM_UpdateDisableConfig                  0x08007ea1   Thumb Code    24  stm32f4xx_tim.o(.text)
    TIM_UpdateRequestConfig                  0x08007eb9   Thumb Code    24  stm32f4xx_tim.o(.text)
    TIM_ARRPreloadConfig                     0x08007ed1   Thumb Code    24  stm32f4xx_tim.o(.text)
    TIM_SelectOnePulseMode                   0x08007ee9   Thumb Code    18  stm32f4xx_tim.o(.text)
    TIM_SetClockDivision                     0x08007efb   Thumb Code    18  stm32f4xx_tim.o(.text)
    TIM_Cmd                                  0x08007f0d   Thumb Code    24  stm32f4xx_tim.o(.text)
    TIM_OC1Init                              0x08007f25   Thumb Code   114  stm32f4xx_tim.o(.text)
    TIM_OC2Init                              0x08007f97   Thumb Code   154  stm32f4xx_tim.o(.text)
    TIM_OC3Init                              0x08008031   Thumb Code   204  stm32f4xx_tim.o(.text)
    TIM_OC4Init                              0x080080fd   Thumb Code   112  stm32f4xx_tim.o(.text)
    TIM_OCStructInit                         0x0800816d   Thumb Code    20  stm32f4xx_tim.o(.text)
    TIM_SelectOCxM                           0x08008181   Thumb Code    86  stm32f4xx_tim.o(.text)
    TIM_SetCompare1                          0x080081d7   Thumb Code     4  stm32f4xx_tim.o(.text)
    TIM_SetCompare2                          0x080081db   Thumb Code     4  stm32f4xx_tim.o(.text)
    TIM_SetCompare3                          0x080081df   Thumb Code     4  stm32f4xx_tim.o(.text)
    TIM_SetCompare4                          0x080081e3   Thumb Code     4  stm32f4xx_tim.o(.text)
    TIM_ForcedOC1Config                      0x080081e7   Thumb Code    18  stm32f4xx_tim.o(.text)
    TIM_ForcedOC2Config                      0x080081f9   Thumb Code    26  stm32f4xx_tim.o(.text)
    TIM_ForcedOC3Config                      0x08008213   Thumb Code    18  stm32f4xx_tim.o(.text)
    TIM_ForcedOC4Config                      0x08008225   Thumb Code    26  stm32f4xx_tim.o(.text)
    TIM_OC1PreloadConfig                     0x0800823f   Thumb Code    18  stm32f4xx_tim.o(.text)
    TIM_OC2PreloadConfig                     0x08008251   Thumb Code    26  stm32f4xx_tim.o(.text)
    TIM_OC3PreloadConfig                     0x0800826b   Thumb Code    18  stm32f4xx_tim.o(.text)
    TIM_OC4PreloadConfig                     0x0800827d   Thumb Code    26  stm32f4xx_tim.o(.text)
    TIM_OC1FastConfig                        0x08008297   Thumb Code    18  stm32f4xx_tim.o(.text)
    TIM_OC2FastConfig                        0x080082a9   Thumb Code    26  stm32f4xx_tim.o(.text)
    TIM_OC3FastConfig                        0x080082c3   Thumb Code    18  stm32f4xx_tim.o(.text)
    TIM_OC4FastConfig                        0x080082d5   Thumb Code    26  stm32f4xx_tim.o(.text)
    TIM_ClearOC1Ref                          0x080082ef   Thumb Code    18  stm32f4xx_tim.o(.text)
    TIM_ClearOC2Ref                          0x08008301   Thumb Code    24  stm32f4xx_tim.o(.text)
    TIM_ClearOC3Ref                          0x08008319   Thumb Code    18  stm32f4xx_tim.o(.text)
    TIM_ClearOC4Ref                          0x0800832b   Thumb Code    24  stm32f4xx_tim.o(.text)
    TIM_OC1PolarityConfig                    0x08008343   Thumb Code    18  stm32f4xx_tim.o(.text)
    TIM_OC1NPolarityConfig                   0x08008355   Thumb Code    18  stm32f4xx_tim.o(.text)
    TIM_OC2PolarityConfig                    0x08008367   Thumb Code    26  stm32f4xx_tim.o(.text)
    TIM_OC2NPolarityConfig                   0x08008381   Thumb Code    26  stm32f4xx_tim.o(.text)
    TIM_OC3PolarityConfig                    0x0800839b   Thumb Code    26  stm32f4xx_tim.o(.text)
    TIM_OC3NPolarityConfig                   0x080083b5   Thumb Code    26  stm32f4xx_tim.o(.text)
    TIM_OC4PolarityConfig                    0x080083cf   Thumb Code    26  stm32f4xx_tim.o(.text)
    TIM_CCxCmd                               0x080083e9   Thumb Code    30  stm32f4xx_tim.o(.text)
    TIM_CCxNCmd                              0x08008407   Thumb Code    30  stm32f4xx_tim.o(.text)
    TIM_SetIC4Prescaler                      0x08008425   Thumb Code    26  stm32f4xx_tim.o(.text)
    TIM_SetIC3Prescaler                      0x0800848f   Thumb Code    18  stm32f4xx_tim.o(.text)
    TIM_SetIC2Prescaler                      0x080084e9   Thumb Code    26  stm32f4xx_tim.o(.text)
    TIM_SetIC1Prescaler                      0x0800855d   Thumb Code    18  stm32f4xx_tim.o(.text)
    TIM_ICInit                               0x080085a9   Thumb Code   110  stm32f4xx_tim.o(.text)
    TIM_ICStructInit                         0x08008617   Thumb Code    18  stm32f4xx_tim.o(.text)
    TIM_PWMIConfig                           0x08008629   Thumb Code   124  stm32f4xx_tim.o(.text)
    TIM_GetCapture1                          0x080086a5   Thumb Code     6  stm32f4xx_tim.o(.text)
    TIM_GetCapture2                          0x080086ab   Thumb Code     6  stm32f4xx_tim.o(.text)
    TIM_GetCapture3                          0x080086b1   Thumb Code     6  stm32f4xx_tim.o(.text)
    TIM_GetCapture4                          0x080086b7   Thumb Code     6  stm32f4xx_tim.o(.text)
    TIM_BDTRConfig                           0x080086bd   Thumb Code    32  stm32f4xx_tim.o(.text)
    TIM_BDTRStructInit                       0x080086dd   Thumb Code    18  stm32f4xx_tim.o(.text)
    TIM_CtrlPWMOutputs                       0x080086ef   Thumb Code    30  stm32f4xx_tim.o(.text)
    TIM_SelectCOM                            0x0800870d   Thumb Code    24  stm32f4xx_tim.o(.text)
    TIM_CCPreloadControl                     0x08008725   Thumb Code    24  stm32f4xx_tim.o(.text)
    TIM_ITConfig                             0x0800873d   Thumb Code    18  stm32f4xx_tim.o(.text)
    TIM_GenerateEvent                        0x0800874f   Thumb Code     4  stm32f4xx_tim.o(.text)
    TIM_GetFlagStatus                        0x08008753   Thumb Code    18  stm32f4xx_tim.o(.text)
    TIM_ClearFlag                            0x08008765   Thumb Code     6  stm32f4xx_tim.o(.text)
    TIM_GetITStatus                          0x0800876b   Thumb Code    34  stm32f4xx_tim.o(.text)
    TIM_ClearITPendingBit                    0x0800878d   Thumb Code     6  stm32f4xx_tim.o(.text)
    TIM_DMAConfig                            0x08008793   Thumb Code    10  stm32f4xx_tim.o(.text)
    TIM_DMACmd                               0x0800879d   Thumb Code    18  stm32f4xx_tim.o(.text)
    TIM_SelectCCDMA                          0x080087af   Thumb Code    24  stm32f4xx_tim.o(.text)
    TIM_InternalClockConfig                  0x080087c7   Thumb Code    12  stm32f4xx_tim.o(.text)
    TIM_SelectInputTrigger                   0x080087d3   Thumb Code    18  stm32f4xx_tim.o(.text)
    TIM_ITRxExternalClockConfig              0x080087e5   Thumb Code    24  stm32f4xx_tim.o(.text)
    TIM_TIxExternalClockConfig               0x080087fd   Thumb Code    62  stm32f4xx_tim.o(.text)
    TIM_ETRConfig                            0x0800883b   Thumb Code    28  stm32f4xx_tim.o(.text)
    TIM_ETRClockMode1Config                  0x08008857   Thumb Code    54  stm32f4xx_tim.o(.text)
    TIM_ETRClockMode2Config                  0x0800888d   Thumb Code    32  stm32f4xx_tim.o(.text)
    TIM_SelectOutputTrigger                  0x080088ad   Thumb Code    18  stm32f4xx_tim.o(.text)
    TIM_SelectSlaveMode                      0x080088bf   Thumb Code    18  stm32f4xx_tim.o(.text)
    TIM_SelectMasterSlaveMode                0x080088d1   Thumb Code    18  stm32f4xx_tim.o(.text)
    TIM_EncoderInterfaceConfig               0x080088e3   Thumb Code    66  stm32f4xx_tim.o(.text)
    TIM_SelectHallSensor                     0x08008925   Thumb Code    24  stm32f4xx_tim.o(.text)
    TIM_RemapConfig                          0x0800893d   Thumb Code     6  stm32f4xx_tim.o(.text)
    USART_DeInit                             0x08008945   Thumb Code   156  stm32f4xx_usart.o(.text)
    USART_Init                               0x080089e1   Thumb Code   204  stm32f4xx_usart.o(.text)
    USART_StructInit                         0x08008aad   Thumb Code    24  stm32f4xx_usart.o(.text)
    USART_ClockInit                          0x08008ac5   Thumb Code    32  stm32f4xx_usart.o(.text)
    USART_ClockStructInit                    0x08008ae5   Thumb Code    12  stm32f4xx_usart.o(.text)
    USART_Cmd                                0x08008af1   Thumb Code    24  stm32f4xx_usart.o(.text)
    USART_SetPrescaler                       0x08008b09   Thumb Code    16  stm32f4xx_usart.o(.text)
    USART_OverSampling8Cmd                   0x08008b19   Thumb Code    22  stm32f4xx_usart.o(.text)
    USART_OneBitMethodCmd                    0x08008b2f   Thumb Code    24  stm32f4xx_usart.o(.text)
    USART_SendData                           0x08008b47   Thumb Code     8  stm32f4xx_usart.o(.text)
    USART_ReceiveData                        0x08008b4f   Thumb Code    10  stm32f4xx_usart.o(.text)
    USART_SetAddress                         0x08008b59   Thumb Code    18  stm32f4xx_usart.o(.text)
    USART_ReceiverWakeUpCmd                  0x08008b6b   Thumb Code    24  stm32f4xx_usart.o(.text)
    USART_WakeUpConfig                       0x08008b83   Thumb Code    18  stm32f4xx_usart.o(.text)
    USART_LINBreakDetectLengthConfig         0x08008b95   Thumb Code    18  stm32f4xx_usart.o(.text)
    USART_LINCmd                             0x08008ba7   Thumb Code    24  stm32f4xx_usart.o(.text)
    USART_SendBreak                          0x08008bbf   Thumb Code    10  stm32f4xx_usart.o(.text)
    USART_HalfDuplexCmd                      0x08008bc9   Thumb Code    24  stm32f4xx_usart.o(.text)
    USART_SetGuardTime                       0x08008be1   Thumb Code    16  stm32f4xx_usart.o(.text)
    USART_SmartCardCmd                       0x08008bf1   Thumb Code    24  stm32f4xx_usart.o(.text)
    USART_SmartCardNACKCmd                   0x08008c09   Thumb Code    24  stm32f4xx_usart.o(.text)
    USART_IrDAConfig                         0x08008c21   Thumb Code    18  stm32f4xx_usart.o(.text)
    USART_IrDACmd                            0x08008c33   Thumb Code    24  stm32f4xx_usart.o(.text)
    USART_DMACmd                             0x08008c4b   Thumb Code    18  stm32f4xx_usart.o(.text)
    USART_ITConfig                           0x08008c5d   Thumb Code    74  stm32f4xx_usart.o(.text)
    USART_GetFlagStatus                      0x08008ca7   Thumb Code    26  stm32f4xx_usart.o(.text)
    USART_ClearFlag                          0x08008cc1   Thumb Code    18  stm32f4xx_usart.o(.text)
    USART_GetITStatus                        0x08008cd3   Thumb Code   110  stm32f4xx_usart.o(.text)
    USART_ClearITPendingBit                  0x08008d41   Thumb Code    30  stm32f4xx_usart.o(.text)
    USB_OTG_WritePacket                      0x08008e01   Thumb Code    64  usb_core.o(.text)
    USB_OTG_ReadPacket                       0x08008e41   Thumb Code    40  usb_core.o(.text)
    USB_OTG_SelectCore                       0x08008e69   Thumb Code   204  usb_core.o(.text)
    USB_OTG_CoreInit                         0x08008f35   Thumb Code   282  usb_core.o(.text)
    USB_OTG_EnableGlobalInt                  0x0800904f   Thumb Code    34  usb_core.o(.text)
    USB_OTG_DisableGlobalInt                 0x08009071   Thumb Code    34  usb_core.o(.text)
    USB_OTG_FlushTxFifo                      0x08009093   Thumb Code    80  usb_core.o(.text)
    USB_OTG_FlushRxFifo                      0x080090e3   Thumb Code    70  usb_core.o(.text)
    USB_OTG_SetCurrentMode                   0x08009129   Thumb Code    78  usb_core.o(.text)
    USB_OTG_GetMode                          0x08009177   Thumb Code    12  usb_core.o(.text)
    USB_OTG_IsDeviceMode                     0x08009183   Thumb Code    30  usb_core.o(.text)
    USB_OTG_IsHostMode                       0x080091a1   Thumb Code    20  usb_core.o(.text)
    USB_OTG_ReadCoreItr                      0x080091b5   Thumb Code    16  usb_core.o(.text)
    USB_OTG_ReadOtgItr                       0x080091c5   Thumb Code     8  usb_core.o(.text)
    USB_OTG_InitDevSpeed                     0x080091cd   Thumb Code    24  usb_core.o(.text)
    USB_OTG_EnableDevInt                     0x080091e5   Thumb Code   176  usb_core.o(.text)
    USB_OTG_CoreInitDev                      0x08009295   Thumb Code   526  usb_core.o(.text)
    USB_OTG_GetDeviceSpeed                   0x080094a3   Thumb Code    52  usb_core.o(.text)
    USB_OTG_EP0Activate                      0x080094d7   Thumb Code   106  usb_core.o(.text)
    USB_OTG_EPActivate                       0x08009541   Thumb Code   152  usb_core.o(.text)
    USB_OTG_EPDeactivate                     0x080095d9   Thumb Code    94  usb_core.o(.text)
    USB_OTG_EPStartXfer                      0x08009637   Thumb Code   502  usb_core.o(.text)
    USB_OTG_EP0StartXfer                     0x0800982d   Thumb Code   342  usb_core.o(.text)
    USB_OTG_EPSetStall                       0x08009983   Thumb Code   100  usb_core.o(.text)
    USB_OTG_EPClearStall                     0x080099e7   Thumb Code    80  usb_core.o(.text)
    USB_OTG_ReadDevAllOutEp_itr              0x08009a37   Thumb Code    16  usb_core.o(.text)
    USB_OTG_ReadDevOutEP_itr                 0x08009a47   Thumb Code    20  usb_core.o(.text)
    USB_OTG_ReadDevAllInEPItr                0x08009a5b   Thumb Code    16  usb_core.o(.text)
    USB_OTG_EP0_OutStart                     0x08009a6b   Thumb Code    98  usb_core.o(.text)
    USB_OTG_ActiveRemoteWakeup               0x08009acd   Thumb Code   106  usb_core.o(.text)
    USB_OTG_UngateClock                      0x08009b37   Thumb Code    54  usb_core.o(.text)
    USB_OTG_StopDevice                       0x08009b6d   Thumb Code    82  usb_core.o(.text)
    USB_OTG_GetEPStatus                      0x08009bbf   Thumb Code   106  usb_core.o(.text)
    USB_OTG_SetEPStatus                      0x08009c29   Thumb Code   282  usb_core.o(.text)
    DCD_Init                                 0x08009d43   Thumb Code   156  usb_dcd.o(.text)
    DCD_EP_Open                              0x08009ddf   Thumb Code   104  usb_dcd.o(.text)
    DCD_EP_Close                             0x08009e47   Thumb Code    74  usb_dcd.o(.text)
    DCD_EP_PrepareRx                         0x08009e91   Thumb Code    82  usb_dcd.o(.text)
    DCD_EP_Tx                                0x08009ee3   Thumb Code    78  usb_dcd.o(.text)
    DCD_EP_Stall                             0x08009f31   Thumb Code    72  usb_dcd.o(.text)
    DCD_EP_ClrStall                          0x08009f79   Thumb Code    72  usb_dcd.o(.text)
    DCD_EP_Flush                             0x08009fc1   Thumb Code    36  usb_dcd.o(.text)
    DCD_EP_SetAddress                        0x08009fe5   Thumb Code    28  usb_dcd.o(.text)
    DCD_DevConnect                           0x0800a001   Thumb Code    32  usb_dcd.o(.text)
    DCD_DevDisconnect                        0x0800a021   Thumb Code    34  usb_dcd.o(.text)
    DCD_GetEPStatus                          0x0800a043   Thumb Code    64  usb_dcd.o(.text)
    DCD_SetEPStatus                          0x0800a083   Thumb Code    62  usb_dcd.o(.text)
    USBD_OTG_ISR_Handler                     0x0800a7b9   Thumb Code   256  usb_dcd_int.o(.text)
    USBD_DeInit                              0x0800a8bd   Thumb Code     6  usbd_core.o(.text)
    USBD_Init                                0x0800a8c3   Thumb Code    66  usbd_core.o(.text)
    USBD_SetCfg                              0x0800ab57   Thumb Code    30  usbd_core.o(.text)
    USBD_ClrCfg                              0x0800ab75   Thumb Code    22  usbd_core.o(.text)
    USBD_CtlSendData                         0x0800abf1   Thumb Code    46  usbd_ioreq.o(.text)
    USBD_CtlContinueSendData                 0x0800ac1f   Thumb Code    30  usbd_ioreq.o(.text)
    USBD_CtlPrepareRx                        0x0800ac3d   Thumb Code    46  usbd_ioreq.o(.text)
    USBD_CtlContinueRx                       0x0800ac6b   Thumb Code    30  usbd_ioreq.o(.text)
    USBD_CtlSendStatus                       0x0800ac89   Thumb Code    36  usbd_ioreq.o(.text)
    USBD_CtlReceiveStatus                    0x0800acad   Thumb Code    36  usbd_ioreq.o(.text)
    USBD_GetRxCount                          0x0800acd1   Thumb Code    20  usbd_ioreq.o(.text)
    USBD_CtlError                            0x0800ace5   Thumb Code    30  usbd_req.o(.text)
    USBD_StdDevReq                           0x0800b0cd   Thumb Code   114  usbd_req.o(.text)
    USBD_StdItfReq                           0x0800b13f   Thumb Code    76  usbd_req.o(.text)
    USBD_StdEPReq                            0x0800b18b   Thumb Code   360  usbd_req.o(.text)
    USBD_ParseSetupRequest                   0x0800b2f3   Thumb Code    72  usbd_req.o(.text)
    USBD_GetString                           0x0800b34f   Thumb Code    82  usbd_req.o(.text)
    malloc                                   0x0800b6d9   Thumb Code    94  h1_alloc.o(.text)
    free                                     0x0800b737   Thumb Code    78  h1_free.o(.text)
    atoi                                     0x0800b785   Thumb Code    26  atoi.o(.text)
    strncat                                  0x0800b79f   Thumb Code    36  strncat.o(.text)
    strcpy                                   0x0800b7c3   Thumb Code    72  strcpy.o(.text)
    strlen                                   0x0800b80b   Thumb Code    62  strlen.o(.text)
    __aeabi_memcpy                           0x0800b849   Thumb Code     0  rt_memcpy_v6.o(.text)
    __rt_memcpy                              0x0800b849   Thumb Code   138  rt_memcpy_v6.o(.text)
    _memcpy_lastbytes                        0x0800b8af   Thumb Code     0  rt_memcpy_v6.o(.text)
    __aeabi_memcpy4                          0x0800b8d3   Thumb Code     0  rt_memcpy_w.o(.text)
    __aeabi_memcpy8                          0x0800b8d3   Thumb Code     0  rt_memcpy_w.o(.text)
    __rt_memcpy_w                            0x0800b8d3   Thumb Code   100  rt_memcpy_w.o(.text)
    _memcpy_lastbytes_aligned                0x0800b91b   Thumb Code     0  rt_memcpy_w.o(.text)
    __aeabi_memclr                           0x0800b937   Thumb Code     0  rt_memclr.o(.text)
    __rt_memclr                              0x0800b937   Thumb Code    68  rt_memclr.o(.text)
    _memset                                  0x0800b93b   Thumb Code     0  rt_memclr.o(.text)
    __aeabi_memclr4                          0x0800b97b   Thumb Code     0  rt_memclr_w.o(.text)
    __aeabi_memclr8                          0x0800b97b   Thumb Code     0  rt_memclr_w.o(.text)
    __rt_memclr_w                            0x0800b97b   Thumb Code    78  rt_memclr_w.o(.text)
    _memset_w                                0x0800b97f   Thumb Code     0  rt_memclr_w.o(.text)
    strncpy                                  0x0800b9c9   Thumb Code    86  strncpy.o(.text)
    __use_two_region_memory                  0x0800ba1f   Thumb Code     2  heapauxi.o(.text)
    __rt_heap_escrow                         0x0800ba21   Thumb Code     2  heapauxi.o(.text)
    __rt_heap_expand                         0x0800ba23   Thumb Code     2  heapauxi.o(.text)
    __rt_heap_descriptor                     0x0800ba25   Thumb Code     8  rt_heap_descriptor_intlibspace.o(.text)
    __aeabi_errno_addr                       0x0800ba2d   Thumb Code     8  rt_errno_addr_intlibspace.o(.text)
    __errno$intlibspace                      0x0800ba2d   Thumb Code     0  rt_errno_addr_intlibspace.o(.text)
    __rt_errno_addr$intlibspace              0x0800ba2d   Thumb Code     0  rt_errno_addr_intlibspace.o(.text)
    __use_no_heap                            0x0800ba35   Thumb Code     2  hguard.o(.text)
    __heap$guard                             0x0800ba37   Thumb Code     2  hguard.o(.text)
    _terminate_user_alloc                    0x0800ba39   Thumb Code     2  init_alloc.o(.text)
    _init_user_alloc                         0x0800ba3b   Thumb Code     2  init_alloc.o(.text)
    __Heap_Full                              0x0800ba3d   Thumb Code    34  init_alloc.o(.text)
    __Heap_Broken                            0x0800ba5f   Thumb Code     6  init_alloc.o(.text)
    _init_alloc                              0x0800ba65   Thumb Code    94  init_alloc.o(.text)
    __Heap_Initialize                        0x0800bac3   Thumb Code    10  h1_init.o(.text)
    __Heap_DescSize                          0x0800bacd   Thumb Code     4  h1_init.o(.text)
    strtol                                   0x0800bad1   Thumb Code   112  strtol.o(.text)
    __user_libspace                          0x0800bb41   Thumb Code     8  libspace.o(.text)
    __user_perproc_libspace                  0x0800bb41   Thumb Code     0  libspace.o(.text)
    __user_perthread_libspace                0x0800bb41   Thumb Code     0  libspace.o(.text)
    __rt_ctype_table                         0x0800bb49   Thumb Code    16  rt_ctype_table.o(.text)
    __Heap_ProvideMemory                     0x0800bb59   Thumb Code    52  h1_extend.o(.text)
    _strtoul                                 0x0800bb8d   Thumb Code   158  _strtoul.o(.text)
    __rt_SIGRTMEM                            0x0800bc2b   Thumb Code    14  defsig_rtmem_outer.o(.text)
    __I$use$semihosting                      0x0800bc39   Thumb Code     0  use_no_semi.o(.text)
    __use_no_semihosting_swi                 0x0800bc39   Thumb Code     2  use_no_semi.o(.text)
    __semihosting_library_function           0x0800bc3b   Thumb Code     0  indicate_semi.o(.text)
    __user_setup_stackheap                   0x0800bc3b   Thumb Code    74  sys_stackheap_outer.o(.text)
    __rt_locale                              0x0800bc85   Thumb Code     8  rt_locale_intlibspace.o(.text)
    _chval                                   0x0800bc8d   Thumb Code    28  _chval.o(.text)
    exit                                     0x0800bca9   Thumb Code    12  exit.o(.text)
    __sig_exit                               0x0800bcb5   Thumb Code    10  defsig_exit.o(.text)
    __rt_SIGRTMEM_inner                      0x0800bcc1   Thumb Code    22  defsig_rtmem_inner.o(.text)
    _sys_exit                                0x0800bd11   Thumb Code     8  sys_exit.o(.text)
    __default_signal_display                 0x0800bd1d   Thumb Code    50  defsig_general.o(.text)
    strcmp                                   0x0800bd51   Thumb Code   128  strcmpv7m.o(.text)
    _ttywrch                                 0x0800bdd1   Thumb Code    14  sys_wrch.o(.text)
    _get_lc_ctype                            0x0800bde1   Thumb Code    44  lc_ctype_c.o(locale$$code)
    _fp_init                                 0x0800be0d   Thumb Code    10  fpinit.o(x$fpl$fpinit)
    __fplib_config_fpu_vfp                   0x0800be15   Thumb Code     0  fpinit.o(x$fpl$fpinit)
    __fplib_config_pureend_doubles           0x0800be15   Thumb Code     0  fpinit.o(x$fpl$fpinit)
    LED_GPIO_PINS                            0x0800bf18   Data           6  led.o(.constdata)
    LED_GPIO_CLKS                            0x0800bf20   Data          12  led.o(.constdata)
    Region$$Table$$Base                      0x0800bf2c   Number         0  anon$$obj.o(Region$$Table)
    Region$$Table$$Limit                     0x0800bf4c   Number         0  anon$$obj.o(Region$$Table)
    __ctype                                  0x0800bf59   Data           0  lc_ctype_c.o(locale$$data)
    image_counter                            0x20000004   Data           1  dcmi.o(.data)
    frame_counter                            0x20000008   Data           4  dcmi.o(.data)
    time_last_frame                          0x2000000c   Data           4  dcmi.o(.data)
    cycle_time                               0x20000010   Data           4  dcmi.o(.data)
    time_between_next_images                 0x20000014   Data           4  dcmi.o(.data)
    dcmi_calibration_counter                 0x20000018   Data           1  dcmi.o(.data)
    dcmi_image_buffer_memory0                0x20000019   Data           1  dcmi.o(.data)
    dcmi_image_buffer_memory1                0x2000001a   Data           1  dcmi.o(.data)
    dcmi_image_buffer_unused                 0x2000001b   Data           1  dcmi.o(.data)
    calibration_used                         0x2000001c   Data           1  dcmi.o(.data)
    calibration_unused                       0x2000001d   Data           1  dcmi.o(.data)
    calibration_mem0                         0x2000001e   Data           1  dcmi.o(.data)
    calibration_mem1                         0x2000001f   Data           1  dcmi.o(.data)
    time_between_images                      0x20000020   Data           4  dcmi.o(.data)
    gyro_scale                               0x2000002c   Data           4  gyro.o(.data)
    x_rate_offset                            0x20000030   Data           4  gyro.o(.data)
    y_rate_offset                            0x20000034   Data           4  gyro.o(.data)
    z_rate_offset                            0x20000038   Data           4  gyro.o(.data)
    GYRO_DPS_Values                          0x20000040   Data           1  gyro.o(.data)
    dataRX                                   0x20000051   Data           1  i2c.o(.data)
    publishedIndexFrame1                     0x20000052   Data           1  i2c.o(.data)
    publishedIndexFrame2                     0x20000053   Data           1  i2c.o(.data)
    notpublishedIndexFrame1                  0x20000054   Data           1  i2c.o(.data)
    notpublishedIndexFrame2                  0x20000055   Data           1  i2c.o(.data)
    readout_done_frame1                      0x20000056   Data           1  i2c.o(.data)
    readout_done_frame2                      0x20000057   Data           1  i2c.o(.data)
    stop_accumulation                        0x20000058   Data           1  i2c.o(.data)
    LED_GPIO_PORTS                           0x20000080   Data          12  led.o(.data)
    image_buffer_8bit_1                      0x2000008c   Data           4  main.o(.data)
    image_buffer_8bit_2                      0x20000090   Data           4  main.o(.data)
    buffer_reset_needed                      0x20000094   Data           1  main.o(.data)
    boot_time_ms                             0x20000098   Data           4  main.o(.data)
    boot_time10_us                           0x2000009c   Data           4  main.o(.data)
    send_system_state_now                    0x200000a4   Data           1  main.o(.data)
    receive_now                              0x200000a5   Data           1  main.o(.data)
    send_params_now                          0x200000a6   Data           1  main.o(.data)
    send_image_now                           0x200000a7   Data           1  main.o(.data)
    send_lpos_now                            0x200000a8   Data           1  main.o(.data)
    x_pred                                   0x200000f8   Data           4  sonar.o(.data)
    v_pred                                   0x200000fc   Data           4  sonar.o(.data)
    x_post                                   0x20000100   Data           4  sonar.o(.data)
    v_post                                   0x20000104   Data           4  sonar.o(.data)
    sonar_raw                                0x20000108   Data           4  sonar.o(.data)
    sonar_mode                               0x2000010c   Data           4  sonar.o(.data)
    sonar_valid                              0x20000110   Data           4  sonar.o(.data)
    usart2_tx_buffer                         0x20000118   Data        4096  usart.o(.data)
    usart3_tx_buffer                         0x20001118   Data        4096  usart.o(.data)
    usart2_tx_counter_read                   0x20002118   Data           4  usart.o(.data)
    usart2_tx_counter_write                  0x2000211c   Data           4  usart.o(.data)
    usart2_rx_counter_read                   0x20002120   Data           4  usart.o(.data)
    usart2_rx_counter_write                  0x20002124   Data           4  usart.o(.data)
    usart3_tx_counter_read                   0x20002128   Data           4  usart.o(.data)
    usart3_tx_counter_write                  0x2000212c   Data           4  usart.o(.data)
    usart3_rx_counter_read                   0x20002130   Data           4  usart.o(.data)
    usart3_rx_counter_write                  0x20002134   Data           4  usart.o(.data)
    linecoding                               0x20002138   Data           8  usbd_cdc_vcp.o(.data)
    APP_tx_ptr_head                          0x20002140   Data           4  usbd_cdc_vcp.o(.data)
    APP_tx_ptr_tail                          0x20002144   Data           4  usbd_cdc_vcp.o(.data)
    VCP_fops                                 0x20002148   Data          20  usbd_cdc_vcp.o(.data)
    USR_desc                                 0x2000215c   Data          28  usbd_desc.o(.data)
    USBD_DeviceDesc                          0x20002178   Data          18  usbd_desc.o(.data)
    USBD_DeviceQualifierDesc                 0x2000218a   Data          10  usbd_desc.o(.data)
    USBD_LangIDDesc                          0x20002194   Data           4  usbd_desc.o(.data)
    USR_cb                                   0x20002198   Data          28  usbd_usr.o(.data)
    SystemCoreClock                          0x200021b4   Data           4  system_stm32f4xx.o(.data)
    AHBPrescTable                            0x200021b8   Data          16  system_stm32f4xx.o(.data)
    SET_TEST_MODE                            0x200021d8   Data           4  usbd_core.o(.data)
    USBD_DCD_INT_cb                          0x200021dc   Data          44  usbd_core.o(.data)
    USBD_DCD_INT_fops                        0x20002208   Data           4  usbd_core.o(.data)
    USBD_ep_status                           0x2000220c   Data           4  usbd_req.o(.data)
    USBD_default_cfg                         0x20002210   Data           4  usbd_req.o(.data)
    USBD_cfg_status                          0x20002214   Data           4  usbd_req.o(.data)
    CmdBuff                                  0x20002220   Data           8  usbd_cdc_core.o(.data)
    APP_Rx_ptr_in                            0x20002228   Data           4  usbd_cdc_core.o(.data)
    APP_Rx_ptr_out                           0x2000222c   Data           4  usbd_cdc_core.o(.data)
    APP_Rx_length                            0x20002230   Data           4  usbd_cdc_core.o(.data)
    USB_Tx_State                             0x20002234   Data           1  usbd_cdc_core.o(.data)
    USBD_CDC_cb                              0x20002240   Data          44  usbd_cdc_core.o(.data)
    usbd_cdc_CfgDesc                         0x2000226c   Data          67  usbd_cdc_core.o(.data)
    mavlink_system                           0x200022b4   Data           9  communication.o(.bss)
    dcmi_image_buffer_8bit_1                 0x2000272e   Data       22560  dcmi.o(.bss)
    dcmi_image_buffer_8bit_2                 0x20007f4e   Data       22560  dcmi.o(.bss)
    dcmi_image_buffer_8bit_3                 0x2000d76e   Data       22560  dcmi.o(.bss)
    txDataFrame1                             0x20013060   Data          44  i2c.o(.bss)
    txDataFrame2                             0x2001308c   Data          56  i2c.o(.bss)
    USB_OTG_dev                              0x200130c4   Data        1524  main.o(.bss)
    lpos                                     0x200136dc   Data          24  main.o(.bss)
    global_data                              0x200136f4   Data         760  settings.o(.bss)
    usart2_rx_buffer                         0x200139f8   Data        4096  usart.o(.bss)
    usart3_rx_buffer                         0x200149f8   Data        4096  usart.o(.bss)
    APP_Tx_Buffer                            0x200159f8   Data         128  usbd_cdc_vcp.o(.bss)
    USBD_StrDesc                             0x20015a87   Data         255  usbd_req.o(.bss)
    usbd_cdc_OtherCfgDesc                    0x20015b86   Data          67  usbd_cdc_core.o(.bss)
    USB_Rx_Buffer                            0x20015bc9   Data          64  usbd_cdc_core.o(.bss)
    APP_Rx_Buffer                            0x20015c09   Data       32768  usbd_cdc_core.o(.bss)
    __libspace_start                         0x2001dc0c   Data          96  libspace.o(.bss)
    __temporary_stack_top$libspace           0x2001dc6c   Data           0  libspace.o(.bss)



==============================================================================

Memory Map of the image

  Image Entry point : 0x08000189

  Load Region LR_IROM1 (Base: 0x08000000, Size: 0x0000e310, Max: 0x00100000, ABSOLUTE, COMPRESSED[0x0000c2b0])

    Execution Region ER_IROM1 (Base: 0x08000000, Size: 0x0000c05c, Max: 0x00100000, ABSOLUTE)

    Base Addr    Size         Type   Attr      Idx    E Section Name        Object

    0x08000000   0x00000188   Data   RO         1517    RESET               startup_stm32f4xx.o
    0x08000188   0x00000008   Code   RO         1930  * !!!main             c_w.l(__main.o)
    0x08000190   0x00000034   Code   RO         2153    !!!scatter          c_w.l(__scatter.o)
    0x080001c4   0x0000005a   Code   RO         2151    !!dczerorl2         c_w.l(__dczerorl2.o)
    0x0800021e   0x00000002   PAD
    0x08000220   0x0000001c   Code   RO         2155    !!handler_zi        c_w.l(__scatter_zi.o)
    0x0800023c   0x00000002   Code   RO         2089    .ARM.Collect$$libinit$$00000000  c_w.l(libinit.o)
    0x0800023e   0x00000004   Code   RO         1969    .ARM.Collect$$libinit$$00000001  c_w.l(libinit2.o)
    0x08000242   0x00000008   Code   RO         1971    .ARM.Collect$$libinit$$00000003  c_w.l(libinit2.o)
    0x0800024a   0x00000000   Code   RO         1973    .ARM.Collect$$libinit$$00000008  c_w.l(libinit2.o)
    0x0800024a   0x00000000   Code   RO         1975    .ARM.Collect$$libinit$$0000000A  c_w.l(libinit2.o)
    0x0800024a   0x00000000   Code   RO         1977    .ARM.Collect$$libinit$$0000000C  c_w.l(libinit2.o)
    0x0800024a   0x00000006   Code   RO         1978    .ARM.Collect$$libinit$$0000000D  c_w.l(libinit2.o)
    0x08000250   0x00000000   Code   RO         1980    .ARM.Collect$$libinit$$0000000F  c_w.l(libinit2.o)
    0x08000250   0x0000000c   Code   RO         1981    .ARM.Collect$$libinit$$00000010  c_w.l(libinit2.o)
    0x0800025c   0x00000000   Code   RO         1982    .ARM.Collect$$libinit$$00000011  c_w.l(libinit2.o)
    0x0800025c   0x00000000   Code   RO         1984    .ARM.Collect$$libinit$$00000013  c_w.l(libinit2.o)
    0x0800025c   0x00000000   Code   RO         1986    .ARM.Collect$$libinit$$00000015  c_w.l(libinit2.o)
    0x0800025c   0x00000000   Code   RO         1988    .ARM.Collect$$libinit$$00000017  c_w.l(libinit2.o)
    0x0800025c   0x00000000   Code   RO         1990    .ARM.Collect$$libinit$$00000019  c_w.l(libinit2.o)
    0x0800025c   0x00000000   Code   RO         1992    .ARM.Collect$$libinit$$0000001B  c_w.l(libinit2.o)
    0x0800025c   0x00000000   Code   RO         1994    .ARM.Collect$$libinit$$0000001D  c_w.l(libinit2.o)
    0x0800025c   0x00000000   Code   RO         1996    .ARM.Collect$$libinit$$0000001F  c_w.l(libinit2.o)
    0x0800025c   0x00000000   Code   RO         1998    .ARM.Collect$$libinit$$00000021  c_w.l(libinit2.o)
    0x0800025c   0x00000000   Code   RO         2000    .ARM.Collect$$libinit$$00000023  c_w.l(libinit2.o)
    0x0800025c   0x00000000   Code   RO         2004    .ARM.Collect$$libinit$$0000002A  c_w.l(libinit2.o)
    0x0800025c   0x00000000   Code   RO         2006    .ARM.Collect$$libinit$$0000002C  c_w.l(libinit2.o)
    0x0800025c   0x00000000   Code   RO         2008    .ARM.Collect$$libinit$$0000002E  c_w.l(libinit2.o)
    0x0800025c   0x00000000   Code   RO         2010    .ARM.Collect$$libinit$$00000030  c_w.l(libinit2.o)
    0x0800025c   0x00000002   Code   RO         2011    .ARM.Collect$$libinit$$00000031  c_w.l(libinit2.o)
    0x0800025e   0x00000002   Code   RO         2148    .ARM.Collect$$libshutdown$$00000000  c_w.l(libshutdown.o)
    0x08000260   0x00000000   Code   RO         2106    .ARM.Collect$$libshutdown$$00000003  c_w.l(libshutdown2.o)
    0x08000260   0x00000000   Code   RO         2109    .ARM.Collect$$libshutdown$$00000006  c_w.l(libshutdown2.o)
    0x08000260   0x00000000   Code   RO         2112    .ARM.Collect$$libshutdown$$00000009  c_w.l(libshutdown2.o)
    0x08000260   0x00000000   Code   RO         2114    .ARM.Collect$$libshutdown$$0000000B  c_w.l(libshutdown2.o)
    0x08000260   0x00000000   Code   RO         2117    .ARM.Collect$$libshutdown$$0000000E  c_w.l(libshutdown2.o)
    0x08000260   0x00000002   Code   RO         2118    .ARM.Collect$$libshutdown$$0000000F  c_w.l(libshutdown2.o)
    0x08000262   0x00000000   Code   RO         1934    .ARM.Collect$$rtentry$$00000000  c_w.l(rtentry.o)
    0x08000262   0x00000000   Code   RO         2018    .ARM.Collect$$rtentry$$00000002  c_w.l(rtentry2.o)
    0x08000262   0x00000006   Code   RO         2030    .ARM.Collect$$rtentry$$00000004  c_w.l(rtentry4.o)
    0x08000268   0x00000000   Code   RO         2020    .ARM.Collect$$rtentry$$00000009  c_w.l(rtentry2.o)
    0x08000268   0x00000004   Code   RO         2021    .ARM.Collect$$rtentry$$0000000A  c_w.l(rtentry2.o)
    0x0800026c   0x00000000   Code   RO         2023    .ARM.Collect$$rtentry$$0000000C  c_w.l(rtentry2.o)
    0x0800026c   0x00000008   Code   RO         2024    .ARM.Collect$$rtentry$$0000000D  c_w.l(rtentry2.o)
    0x08000274   0x00000002   Code   RO         2092    .ARM.Collect$$rtexit$$00000000  c_w.l(rtexit.o)
    0x08000276   0x00000000   Code   RO         2122    .ARM.Collect$$rtexit$$00000002  c_w.l(rtexit2.o)
    0x08000276   0x00000004   Code   RO         2123    .ARM.Collect$$rtexit$$00000003  c_w.l(rtexit2.o)
    0x0800027a   0x00000006   Code   RO         2124    .ARM.Collect$$rtexit$$00000004  c_w.l(rtexit2.o)
    0x08000280   0x00000000   Code   RO         2036    .emb_text           c_w.l(maybetermalloc1.o)
    0x08000280   0x00000a90   Code   RO            1    .text               communication.o
    0x08000d10   0x00000a5c   Code   RO          416    .text               dcmi.o
    0x0800176c   0x00000380   Code   RO          587    .text               debug.o
    0x08001aec   0x0000106c   Code   RO          605    .text               flow.o
    0x08002b58   0x00000454   Code   RO          641    .text               gyro.o
    0x08002fac   0x0000073c   Code   RO          739    .text               i2c.o
    0x080036e8   0x0000008c   Code   RO          777    .text               led.o
    0x08003774   0x0000113c   Code   RO          806    .text               main.o
    0x080048b0   0x00000528   Code   RO          894    .text               mt9v034.o
    0x08004dd8   0x0000005c   Code   RO          912    .text               reset.o
    0x08004e34   0x000006a4   Code   RO          924    .text               settings.o
    0x080054d8   0x000003a0   Code   RO         1277    .text               sonar.o
    0x08005878   0x000000bc   Code   RO         1298    .text               sonar_mode_filter.o
    0x08005934   0x00000490   Code   RO         1314    .text               usart.o
    0x08005dc4   0x000000f4   Code   RO         1337    .text               usb_bsp.o
    0x08005eb8   0x00000244   Code   RO         1365    .text               usbd_cdc_vcp.o
    0x080060fc   0x00000104   Code   RO         1396    .text               usbd_desc.o
    0x08006200   0x0000000e   Code   RO         1431    .text               usbd_usr.o
    0x0800620e   0x00000002   PAD
    0x08006210   0x000001f8   Code   RO         1456    .text               utils.o
    0x08006408   0x00000030   Code   RO         1470    .text               stm32f4xx_it.o
    0x08006438   0x00000210   Code   RO         1494    .text               system_stm32f4xx.o
    0x08006648   0x00000040   Code   RO         1518    .text               startup_stm32f4xx.o
    0x08006688   0x000000e0   Code   RO         1523    .text               misc.o
    0x08006768   0x0000018c   Code   RO         1558    .text               stm32f4xx_dcmi.o
    0x080068f4   0x000003a8   Code   RO         1574    .text               stm32f4xx_dma.o
    0x08006c9c   0x0000025c   Code   RO         1593    .text               stm32f4xx_gpio.o
    0x08006ef8   0x00000428   Code   RO         1609    .text               stm32f4xx_i2c.o
    0x08007320   0x00000588   Code   RO         1628    .text               stm32f4xx_rcc.o
    0x080078a8   0x000003f8   Code   RO         1649    .text               stm32f4xx_spi.o
    0x08007ca0   0x00000ca2   Code   RO         1668    .text               stm32f4xx_tim.o
    0x08008942   0x00000002   PAD
    0x08008944   0x0000041a   Code   RO         1687    .text               stm32f4xx_usart.o
    0x08008d5e   0x00000002   PAD
    0x08008d60   0x00000fe2   Code   RO         1703    .text               usb_core.o
    0x08009d42   0x0000037e   Code   RO         1722    .text               usb_dcd.o
    0x0800a0c0   0x000007fc   Code   RO         1738    .text               usb_dcd_int.o
    0x0800a8bc   0x00000334   Code   RO         1758    .text               usbd_core.o
    0x0800abf0   0x000000f4   Code   RO         1780    .text               usbd_ioreq.o
    0x0800ace4   0x000006c0   Code   RO         1796    .text               usbd_req.o
    0x0800b3a4   0x00000334   Code   RO         1824    .text               usbd_cdc_core.o
    0x0800b6d8   0x0000005e   Code   RO         1852    .text               c_w.l(h1_alloc.o)
    0x0800b736   0x0000004e   Code   RO         1854    .text               c_w.l(h1_free.o)
    0x0800b784   0x0000001a   Code   RO         1910    .text               c_w.l(atoi.o)
    0x0800b79e   0x00000024   Code   RO         1912    .text               c_w.l(strncat.o)
    0x0800b7c2   0x00000048   Code   RO         1914    .text               c_w.l(strcpy.o)
    0x0800b80a   0x0000003e   Code   RO         1916    .text               c_w.l(strlen.o)
    0x0800b848   0x0000008a   Code   RO         1918    .text               c_w.l(rt_memcpy_v6.o)
    0x0800b8d2   0x00000064   Code   RO         1920    .text               c_w.l(rt_memcpy_w.o)
    0x0800b936   0x00000044   Code   RO         1922    .text               c_w.l(rt_memclr.o)
    0x0800b97a   0x0000004e   Code   RO         1924    .text               c_w.l(rt_memclr_w.o)
    0x0800b9c8   0x00000056   Code   RO         1926    .text               c_w.l(strncpy.o)
    0x0800ba1e   0x00000006   Code   RO         1928    .text               c_w.l(heapauxi.o)
    0x0800ba24   0x00000008   Code   RO         1938    .text               c_w.l(rt_heap_descriptor_intlibspace.o)
    0x0800ba2c   0x00000008   Code   RO         1943    .text               c_w.l(rt_errno_addr_intlibspace.o)
    0x0800ba34   0x00000004   Code   RO         1945    .text               c_w.l(hguard.o)
    0x0800ba38   0x0000008a   Code   RO         1947    .text               c_w.l(init_alloc.o)
    0x0800bac2   0x0000000e   Code   RO         1951    .text               c_w.l(h1_init.o)
    0x0800bad0   0x00000070   Code   RO         1965    .text               c_w.l(strtol.o)
    0x0800bb40   0x00000008   Code   RO         2014    .text               c_w.l(libspace.o)
    0x0800bb48   0x00000010   Code   RO         2032    .text               c_w.l(rt_ctype_table.o)
    0x0800bb58   0x00000034   Code   RO         2038    .text               c_w.l(h1_extend.o)
    0x0800bb8c   0x0000009e   Code   RO         2042    .text               c_w.l(_strtoul.o)
    0x0800bc2a   0x0000000e   Code   RO         2044    .text               c_w.l(defsig_rtmem_outer.o)
    0x0800bc38   0x00000002   Code   RO         2055    .text               c_w.l(use_no_semi.o)
    0x0800bc3a   0x00000000   Code   RO         2057    .text               c_w.l(indicate_semi.o)
    0x0800bc3a   0x0000004a   Code   RO         2058    .text               c_w.l(sys_stackheap_outer.o)
    0x0800bc84   0x00000008   Code   RO         2065    .text               c_w.l(rt_locale_intlibspace.o)
    0x0800bc8c   0x0000001c   Code   RO         2069    .text               c_w.l(_chval.o)
    0x0800bca8   0x0000000c   Code   RO         2074    .text               c_w.l(exit.o)
    0x0800bcb4   0x0000000a   Code   RO         2076    .text               c_w.l(defsig_exit.o)
    0x0800bcbe   0x00000002   PAD
    0x0800bcc0   0x00000050   Code   RO         2078    .text               c_w.l(defsig_rtmem_inner.o)
    0x0800bd10   0x0000000c   Code   RO         2090    .text               c_w.l(sys_exit.o)
    0x0800bd1c   0x00000032   Code   RO         2100    .text               c_w.l(defsig_general.o)
    0x0800bd4e   0x00000002   PAD
    0x0800bd50   0x00000080   Code   RO         2102    .text               c_w.l(strcmpv7m.o)
    0x0800bdd0   0x0000000e   Code   RO         2119    .text               c_w.l(sys_wrch.o)
    0x0800bdde   0x00000002   PAD
    0x0800bde0   0x0000002c   Code   RO         2072    locale$$code        c_w.l(lc_ctype_c.o)
    0x0800be0c   0x0000000a   Code   RO         2053    x$fpl$fpinit        fz_wm.l(fpinit.o)
    0x0800be16   0x00000100   Data   RO            3    .constdata          communication.o
    0x0800bf16   0x00000002   PAD
    0x0800bf18   0x00000014   Data   RO          778    .constdata          led.o
    0x0800bf2c   0x00000020   Data   RO         2149    Region$$Table       anon$$obj.o
    0x0800bf4c   0x00000110   Data   RO         2071    locale$$data        c_w.l(lc_ctype_c.o)


    Execution Region RW_IRAM1 (Base: 0x20000000, Size: 0x0001e270, Max: 0x00020000, ABSOLUTE, COMPRESSED[0x00000254])

    Base Addr    Size         Type   Attr      Idx    E Section Name        Object

    0x20000000   0x00000004   Data   RW            4    .data               communication.o
    0x20000004   0x00000020   Data   RW          418    .data               dcmi.o
    0x20000024   0x00000005   Data   RW          589    .data               debug.o
    0x20000029   0x00000003   PAD
    0x2000002c   0x00000024   Data   RW          643    .data               gyro.o
    0x20000050   0x00000030   Data   RW          741    .data               i2c.o
    0x20000080   0x0000000c   Data   RW          779    .data               led.o
    0x2000008c   0x00000040   Data   RW          808    .data               main.o
    0x200000cc   0x00000048   Data   RW         1278    .data               sonar.o
    0x20000114   0x00000004   Data   RW         1300    .data               sonar_mode_filter.o
    0x20000118   0x00002020   Data   RW         1316    .data               usart.o
    0x20002138   0x00000024   Data   RW         1367    .data               usbd_cdc_vcp.o
    0x2000215c   0x0000003c   Data   RW         1397    .data               usbd_desc.o
    0x20002198   0x0000001c   Data   RW         1432    .data               usbd_usr.o
    0x200021b4   0x00000014   Data   RW         1495    .data               system_stm32f4xx.o
    0x200021c8   0x00000010   Data   RW         1629    .data               stm32f4xx_rcc.o
    0x200021d8   0x00000034   Data   RW         1759    .data               usbd_core.o
    0x2000220c   0x0000000d   Data   RW         1798    .data               usbd_req.o
    0x20002219   0x00000003   PAD
    0x2000221c   0x00000098   Data   RW         1826    .data               usbd_cdc_core.o
    0x200022b4   0x0000047a   Zero   RW            2    .bss                communication.o
    0x2000272e   0x00010860   Zero   RW          417    .bss                dcmi.o
    0x20012f8e   0x00000002   PAD
    0x20012f90   0x000000d0   Zero   RW          588    .bss                debug.o
    0x20013060   0x00000064   Zero   RW          740    .bss                i2c.o
    0x200130c4   0x00000630   Zero   RW          807    .bss                main.o
    0x200136f4   0x000002f8   Zero   RW          925    .bss                settings.o
    0x200139ec   0x0000000c   Zero   RW         1299    .bss                sonar_mode_filter.o
    0x200139f8   0x00002000   Zero   RW         1315    .bss                usart.o
    0x200159f8   0x00000080   Zero   RW         1366    .bss                usbd_cdc_vcp.o
    0x20015a78   0x0000000f   Zero   RW         1457    .bss                utils.o
    0x20015a87   0x000000ff   Zero   RW         1797    .bss                usbd_req.o
    0x20015b86   0x00008083   Zero   RW         1825    .bss                usbd_cdc_core.o
    0x2001dc09   0x00000003   PAD
    0x2001dc0c   0x00000060   Zero   RW         2015    .bss                c_w.l(libspace.o)
    0x2001dc6c   0x00000004   PAD
    0x2001dc70   0x00000200   Zero   RW         1516    HEAP                startup_stm32f4xx.o
    0x2001de70   0x00000400   Zero   RW         1515    STACK               startup_stm32f4xx.o


==============================================================================

Image component sizes


      Code (inc. data)   RO Data    RW Data    ZI Data      Debug   Object Name

      2704        118        256          4       1146      49881   communication.o
      2652        172          0         32      67680     294959   dcmi.o
       896         44          0          5        208       6393   debug.o
      4204         28          0          0          0      13618   flow.o
      1108         78          0         36          0      34116   gyro.o
      1852        168          0         48        100       6162   i2c.o
       140         12         20         12          0       8026   led.o
      4412        274          0         64       1584      61226   main.o
       224         20          0          0          0       3813   misc.o
      1320         20          0          0          0       8094   mt9v034.o
        92         20          0          0          0       1149   reset.o
      1700        664          0          0        760       3600   settings.o
       928        108          0         72          0       3765   sonar.o
       188          8          0          4         12       1836   sonar_mode_filter.o
        64         26        392          0       1536        816   startup_stm32f4xx.o
       396          4          0          0          0       3714   stm32f4xx_dcmi.o
       936         32          0          0          0      19205   stm32f4xx_dma.o
       604         36          0          0          0       4321   stm32f4xx_gpio.o
      1064         26          0          0          0      16439   stm32f4xx_i2c.o
        48          6          0          0          0       1496   stm32f4xx_it.o
      1416         48          0         16          0      24179   stm32f4xx_rcc.o
      1016         22          0          0          0      15165   stm32f4xx_spi.o
      3234         60          0          0          0      42364   stm32f4xx_tim.o
      1050         26          0          0          0       8028   stm32f4xx_usart.o
       528         48          0         20          0       1943   system_stm32f4xx.o
      1168         74          0       8224       8192      11143   usart.o
       244          6          0          0          0      21185   usb_bsp.o
      4066          8          0          0          0      12744   usb_core.o
       894          0          0          0          0       4544   usb_dcd.o
      2044         22          0          0          0       5575   usb_dcd_int.o
       820         58          0        152      32899       5756   usbd_cdc_core.o
       580         26          0         36        128       5492   usbd_cdc_vcp.o
       820          6          0         52          0       5914   usbd_core.o
       260         84          0         60          0       4176   usbd_desc.o
       244          0          0          0          0       2834   usbd_ioreq.o
      1728         50          0         13        255       5581   usbd_req.o
        14          0          0         28          0       1453   usbd_usr.o
       504         18          0          0         15       2441   utils.o

    ----------------------------------------------------------------------
     46168       2420        702       8884     114520     723146   Object Totals
         0          0         32          0          0          0   (incl. Generated)
         6          0          2          6          5          0   (incl. Padding)

    ----------------------------------------------------------------------

      Code (inc. data)   RO Data    RW Data    ZI Data      Debug   Library Member Name

        90          0          0          0          0          0   __dczerorl2.o
         8          0          0          0          0         68   __main.o
        52          8          0          0          0          0   __scatter.o
        28          0          0          0          0          0   __scatter_zi.o
        28          0          0          0          0         68   _chval.o
       158          0          0          0          0         92   _strtoul.o
        26          0          0          0          0         80   atoi.o
        10          0          0          0          0         68   defsig_exit.o
        50          0          0          0          0         88   defsig_general.o
        80         58          0          0          0         76   defsig_rtmem_inner.o
        14          0          0          0          0         80   defsig_rtmem_outer.o
        12          0          0          0          0         72   exit.o
        94          0          0          0          0         80   h1_alloc.o
        52          0          0          0          0         68   h1_extend.o
        78          0          0          0          0         80   h1_free.o
        14          0          0          0          0         84   h1_init.o
         6          0          0          0          0        152   heapauxi.o
         4          0          0          0          0        136   hguard.o
         0          0          0          0          0          0   indicate_semi.o
       138          0          0          0          0        168   init_alloc.o
        44         10        272          0          0         76   lc_ctype_c.o
         2          0          0          0          0          0   libinit.o
        32          0          0          0          0          0   libinit2.o
         2          0          0          0          0          0   libshutdown.o
         2          0          0          0          0          0   libshutdown2.o
         8          4          0          0         96         68   libspace.o
         0          0          0          0          0          0   maybetermalloc1.o
        16          4          0          0          0         76   rt_ctype_table.o
         8          4          0          0          0         68   rt_errno_addr_intlibspace.o
         8          4          0          0          0         68   rt_heap_descriptor_intlibspace.o
         8          4          0          0          0         68   rt_locale_intlibspace.o
        68          0          0          0          0         68   rt_memclr.o
        78          0          0          0          0         80   rt_memclr_w.o
       138          0          0          0          0         68   rt_memcpy_v6.o
       100          0          0          0          0         80   rt_memcpy_w.o
         0          0          0          0          0          0   rtentry.o
        12          0          0          0          0          0   rtentry2.o
         6          0          0          0          0          0   rtentry4.o
         2          0          0          0          0          0   rtexit.o
        10          0          0          0          0          0   rtexit2.o
       128          0          0          0          0         68   strcmpv7m.o
        72          0          0          0          0         80   strcpy.o
        62          0          0          0          0         76   strlen.o
        36          0          0          0          0         76   strncat.o
        86          0          0          0          0         76   strncpy.o
       112          0          0          0          0         88   strtol.o
        12          4          0          0          0         68   sys_exit.o
        74          0          0          0          0         80   sys_stackheap_outer.o
        14          0          0          0          0         76   sys_wrch.o
         2          0          0          0          0         68   use_no_semi.o
        10          0          0          0          0        116   fpinit.o

    ----------------------------------------------------------------------
      2102        100        272          0        100       3052   Library Totals
         8          0          0          0          4          0   (incl. Padding)

    ----------------------------------------------------------------------

      Code (inc. data)   RO Data    RW Data    ZI Data      Debug   Library Name

      2084        100        272          0         96       2936   c_w.l
        10          0          0          0          0        116   fz_wm.l

    ----------------------------------------------------------------------
      2102        100        272          0        100       3052   Library Totals

    ----------------------------------------------------------------------

==============================================================================


      Code (inc. data)   RO Data    RW Data    ZI Data      Debug   

     48270       2520        974       8884     114620     716178   Grand Totals
     48270       2520        974        596     114620     716178   ELF Image Totals (compressed)
     48270       2520        974        596          0          0   ROM Totals

==============================================================================

    Total RO  Size (Code + RO Data)                49244 (  48.09kB)
    Total RW  Size (RW Data + ZI Data)            123504 ( 120.61kB)
    Total ROM Size (Code + RO Data + RW Data)      49840 (  48.67kB)

==============================================================================

